Copyright 1986-2022 Xilinx, Inc. All Rights Reserved. Copyright 2022-2026 Advanced Micro Devices, Inc. All Rights Reserved.
---------------------------------------------------------------------------------------------------------------------------------------------
| Tool Version : Vivado v.2026.1 (lin64) Build 6511674 Tue Jun 16 11:01:26 MDT 2026
| Date         : Wed Sep 23 16:26:42 2026
| Host         : 4137314 running 64-bit unknown
| Command      : report_clock_interaction -file build/vivado/clock_interaction_nexys_a7.rpt
| Design       : cgra_top
| Device       : 7a100t-csg324
| Speed File   : -1  PRODUCTION 1.23 2018-06-13
| Design State : Routed
---------------------------------------------------------------------------------------------------------------------------------------------

Clock Interaction Report

Clock Interaction Table
-----------------------

                            WNS                            TNS Failing  TNS Total    WNS Path         Clock-Pair           Inter-Clock  
From Clock    To Clock      Clock Edges  WNS(ns)  TNS(ns)    Endpoints    Endpoints  Requirement(ns)  Classification       Constraints  
------------  ------------  -----------  -------  -------  -----------  -----------  ---------------  -------------------  -----------  
sys_clk       sys_clk       rise - rise     1.64     0.00            0         2865            10.00  Clean                Timed        


