Copyright 1986-2022 Xilinx, Inc. All Rights Reserved. Copyright 2022-2026 Advanced Micro Devices, Inc. All Rights Reserved.
---------------------------------------------------------------------------------------------------------------------------------------------
| Tool Version : Vivado v.2026.1 (lin64) Build 6511674 Tue Jun 16 11:01:26 MDT 2026
| Date         : Wed Sep 23 16:26:42 2026
| Host         : 4137314 running 64-bit unknown
| Command      : report_timing -setup -max_paths 10 -nworst 1 -file build/vivado/timing_setup_nexys_a7.rpt
| Design       : cgra_top
| Device       : 7a100t-csg324
| Speed File   : -1  PRODUCTION 1.23 2018-06-13
| Design State : Routed
---------------------------------------------------------------------------------------------------------------------------------------------

Timing Report

Slack (MET) :             1.635ns  (required time - arrival time)
  Source:                 rst_s2_reg/C
                            (rising edge-triggered cell FDRE clocked by sys_clk  {rise@0.000ns fall@5.000ns period=10.000ns})
  Destination:            u_array/gen_rows[0].gen_cols[0].u_pe/r_reg[0]/R
                            (rising edge-triggered cell FDRE clocked by sys_clk  {rise@0.000ns fall@5.000ns period=10.000ns})
  Path Group:             sys_clk
  Path Type:              Setup (Max at Slow Process Corner)
  Requirement:            10.000ns  (sys_clk rise@10.000ns - sys_clk rise@0.000ns)
  Data Path Delay:        7.572ns  (logic 0.608ns (8.029%)  route 6.964ns (91.971%))
  Logic Levels:           1  (LUT2=1)
  Clock Path Skew:        -0.031ns (DCD - SCD + CPR)
    Destination Clock Delay (DCD):    5.115ns = ( 15.115 - 10.000 ) 
    Source Clock Delay      (SCD):    5.414ns
    Clock Pessimism Removal (CPR):    0.267ns
  Clock Uncertainty:      0.035ns  ((TSJ^2 + TIJ^2)^1/2 + DJ) / 2 + PE
    Total System Jitter     (TSJ):    0.071ns
    Total Input Jitter      (TIJ):    0.000ns
    Discrete Jitter          (DJ):    0.000ns
    Phase Error              (PE):    0.000ns

    Location             Delay type                Incr(ns)  Path(ns)    Netlist Resource(s)
  -------------------------------------------------------------------    -------------------
                         (clock sys_clk rise edge)    0.000     0.000 r  <hidden>
    E3                                                0.000     0.000 r  clk
                         net (fo=0)                   0.000     0.000    clk
    E3                   IBUF (Prop_ibuf_I_O)         1.482     1.482 r  clk_IBUF_inst/O
                         net (fo=1, routed)           2.025     3.506    clk_IBUF
    BUFGCTRL_X0Y16       BUFG (Prop_bufg_I_O)         0.096     3.602 r  clk_IBUF_BUFG_inst/O
                         net (fo=1034, routed)        1.811     5.414    clk_IBUF_BUFG
    SLICE_X29Y37         FDRE                                         r  rst_s2_reg/C
  -------------------------------------------------------------------    -------------------
    SLICE_X29Y37         FDRE (Prop_fdre_C_Q)         0.456     5.870 r  rst_s2_reg/Q
                         net (fo=643, routed)         2.285     8.155    u_ctrl/dp_rst_reg_0
    SLICE_X28Y29         LUT2 (Prop_lut2_I0_O)        0.152     8.307 r  u_ctrl/r[15]_i_1__14/O
                         net (fo=256, routed)         4.679    12.986    u_array/gen_rows[0].gen_cols[0].u_pe/SR[0]
    SLICE_X12Y0          FDRE                                         r  u_array/gen_rows[0].gen_cols[0].u_pe/r_reg[0]/R
  -------------------------------------------------------------------    -------------------

                         (clock sys_clk rise edge)   10.000    10.000 r  <hidden>
    E3                                                0.000    10.000 r  clk
                         net (fo=0)                   0.000    10.000    clk
    E3                   IBUF (Prop_ibuf_I_O)         1.411    11.411 r  clk_IBUF_inst/O
                         net (fo=1, routed)           1.920    13.331    clk_IBUF
    BUFGCTRL_X0Y16       BUFG (Prop_bufg_I_O)         0.091    13.422 r  clk_IBUF_BUFG_inst/O
                         net (fo=1034, routed)        1.693    15.115    u_array/gen_rows[0].gen_cols[0].u_pe/CLK
    SLICE_X12Y0          FDRE                                         r  u_array/gen_rows[0].gen_cols[0].u_pe/r_reg[0]/C
                         clock pessimism              0.267    15.383    <hidden>
                         clock uncertainty           -0.035    15.347    <hidden>
    SLICE_X12Y0          FDRE (Setup_fdre_C_R)       -0.726    14.621    u_array/gen_rows[0].gen_cols[0].u_pe/r_reg[0]
  -------------------------------------------------------------------
                         required time                         14.621    <hidden>
                         arrival time                         -12.986    <hidden>
  -------------------------------------------------------------------
                         slack                                  1.635    <hidden>

Slack (MET) :             1.737ns  (required time - arrival time)
  Source:                 rst_s2_reg/C
                            (rising edge-triggered cell FDRE clocked by sys_clk  {rise@0.000ns fall@5.000ns period=10.000ns})
  Destination:            u_array/gen_rows[0].gen_cols[0].u_pe/r_reg[1]/R
                            (rising edge-triggered cell FDRE clocked by sys_clk  {rise@0.000ns fall@5.000ns period=10.000ns})
  Path Group:             sys_clk
  Path Type:              Setup (Max at Slow Process Corner)
  Requirement:            10.000ns  (sys_clk rise@10.000ns - sys_clk rise@0.000ns)
  Data Path Delay:        7.566ns  (logic 0.608ns (8.036%)  route 6.957ns (91.964%))
  Logic Levels:           1  (LUT2=1)
  Clock Path Skew:        -0.031ns (DCD - SCD + CPR)
    Destination Clock Delay (DCD):    5.115ns = ( 15.115 - 10.000 ) 
    Source Clock Delay      (SCD):    5.414ns
    Clock Pessimism Removal (CPR):    0.267ns
  Clock Uncertainty:      0.035ns  ((TSJ^2 + TIJ^2)^1/2 + DJ) / 2 + PE
    Total System Jitter     (TSJ):    0.071ns
    Total Input Jitter      (TIJ):    0.000ns
    Discrete Jitter          (DJ):    0.000ns
    Phase Error              (PE):    0.000ns

    Location             Delay type                Incr(ns)  Path(ns)    Netlist Resource(s)
  -------------------------------------------------------------------    -------------------
                         (clock sys_clk rise edge)    0.000     0.000 r  <hidden>
    E3                                                0.000     0.000 r  clk
                         net (fo=0)                   0.000     0.000    clk
    E3                   IBUF (Prop_ibuf_I_O)         1.482     1.482 r  clk_IBUF_inst/O
                         net (fo=1, routed)           2.025     3.506    clk_IBUF
    BUFGCTRL_X0Y16       BUFG (Prop_bufg_I_O)         0.096     3.602 r  clk_IBUF_BUFG_inst/O
                         net (fo=1034, routed)        1.811     5.414    clk_IBUF_BUFG
    SLICE_X29Y37         FDRE                                         r  rst_s2_reg/C
  -------------------------------------------------------------------    -------------------
    SLICE_X29Y37         FDRE (Prop_fdre_C_Q)         0.456     5.870 r  rst_s2_reg/Q
                         net (fo=643, routed)         2.285     8.155    u_ctrl/dp_rst_reg_0
    SLICE_X28Y29         LUT2 (Prop_lut2_I0_O)        0.152     8.307 r  u_ctrl/r[15]_i_1__14/O
                         net (fo=256, routed)         4.672    12.979    u_array/gen_rows[0].gen_cols[0].u_pe/SR[0]
    SLICE_X15Y0          FDRE                                         r  u_array/gen_rows[0].gen_cols[0].u_pe/r_reg[1]/R
  -------------------------------------------------------------------    -------------------

                         (clock sys_clk rise edge)   10.000    10.000 r  <hidden>
    E3                                                0.000    10.000 r  clk
                         net (fo=0)                   0.000    10.000    clk
    E3                   IBUF (Prop_ibuf_I_O)         1.411    11.411 r  clk_IBUF_inst/O
                         net (fo=1, routed)           1.920    13.331    clk_IBUF
    BUFGCTRL_X0Y16       BUFG (Prop_bufg_I_O)         0.091    13.422 r  clk_IBUF_BUFG_inst/O
                         net (fo=1034, routed)        1.693    15.115    u_array/gen_rows[0].gen_cols[0].u_pe/CLK
    SLICE_X15Y0          FDRE                                         r  u_array/gen_rows[0].gen_cols[0].u_pe/r_reg[1]/C
                         clock pessimism              0.267    15.383    <hidden>
                         clock uncertainty           -0.035    15.347    <hidden>
    SLICE_X15Y0          FDRE (Setup_fdre_C_R)       -0.631    14.716    u_array/gen_rows[0].gen_cols[0].u_pe/r_reg[1]
  -------------------------------------------------------------------
                         required time                         14.716    <hidden>
                         arrival time                         -12.979    <hidden>
  -------------------------------------------------------------------
                         slack                                  1.737    <hidden>

Slack (MET) :             1.737ns  (required time - arrival time)
  Source:                 rst_s2_reg/C
                            (rising edge-triggered cell FDRE clocked by sys_clk  {rise@0.000ns fall@5.000ns period=10.000ns})
  Destination:            u_array/gen_rows[0].gen_cols[0].u_pe/r_reg[2]/R
                            (rising edge-triggered cell FDRE clocked by sys_clk  {rise@0.000ns fall@5.000ns period=10.000ns})
  Path Group:             sys_clk
  Path Type:              Setup (Max at Slow Process Corner)
  Requirement:            10.000ns  (sys_clk rise@10.000ns - sys_clk rise@0.000ns)
  Data Path Delay:        7.566ns  (logic 0.608ns (8.036%)  route 6.957ns (91.964%))
  Logic Levels:           1  (LUT2=1)
  Clock Path Skew:        -0.031ns (DCD - SCD + CPR)
    Destination Clock Delay (DCD):    5.115ns = ( 15.115 - 10.000 ) 
    Source Clock Delay      (SCD):    5.414ns
    Clock Pessimism Removal (CPR):    0.267ns
  Clock Uncertainty:      0.035ns  ((TSJ^2 + TIJ^2)^1/2 + DJ) / 2 + PE
    Total System Jitter     (TSJ):    0.071ns
    Total Input Jitter      (TIJ):    0.000ns
    Discrete Jitter          (DJ):    0.000ns
    Phase Error              (PE):    0.000ns

    Location             Delay type                Incr(ns)  Path(ns)    Netlist Resource(s)
  -------------------------------------------------------------------    -------------------
                         (clock sys_clk rise edge)    0.000     0.000 r  <hidden>
    E3                                                0.000     0.000 r  clk
                         net (fo=0)                   0.000     0.000    clk
    E3                   IBUF (Prop_ibuf_I_O)         1.482     1.482 r  clk_IBUF_inst/O
                         net (fo=1, routed)           2.025     3.506    clk_IBUF
    BUFGCTRL_X0Y16       BUFG (Prop_bufg_I_O)         0.096     3.602 r  clk_IBUF_BUFG_inst/O
                         net (fo=1034, routed)        1.811     5.414    clk_IBUF_BUFG
    SLICE_X29Y37         FDRE                                         r  rst_s2_reg/C
  -------------------------------------------------------------------    -------------------
    SLICE_X29Y37         FDRE (Prop_fdre_C_Q)         0.456     5.870 r  rst_s2_reg/Q
                         net (fo=643, routed)         2.285     8.155    u_ctrl/dp_rst_reg_0
    SLICE_X28Y29         LUT2 (Prop_lut2_I0_O)        0.152     8.307 r  u_ctrl/r[15]_i_1__14/O
                         net (fo=256, routed)         4.672    12.979    u_array/gen_rows[0].gen_cols[0].u_pe/SR[0]
    SLICE_X15Y0          FDRE                                         r  u_array/gen_rows[0].gen_cols[0].u_pe/r_reg[2]/R
  -------------------------------------------------------------------    -------------------

                         (clock sys_clk rise edge)   10.000    10.000 r  <hidden>
    E3                                                0.000    10.000 r  clk
                         net (fo=0)                   0.000    10.000    clk
    E3                   IBUF (Prop_ibuf_I_O)         1.411    11.411 r  clk_IBUF_inst/O
                         net (fo=1, routed)           1.920    13.331    clk_IBUF
    BUFGCTRL_X0Y16       BUFG (Prop_bufg_I_O)         0.091    13.422 r  clk_IBUF_BUFG_inst/O
                         net (fo=1034, routed)        1.693    15.115    u_array/gen_rows[0].gen_cols[0].u_pe/CLK
    SLICE_X15Y0          FDRE                                         r  u_array/gen_rows[0].gen_cols[0].u_pe/r_reg[2]/C
                         clock pessimism              0.267    15.383    <hidden>
                         clock uncertainty           -0.035    15.347    <hidden>
    SLICE_X15Y0          FDRE (Setup_fdre_C_R)       -0.631    14.716    u_array/gen_rows[0].gen_cols[0].u_pe/r_reg[2]
  -------------------------------------------------------------------
                         required time                         14.716    <hidden>
                         arrival time                         -12.979    <hidden>
  -------------------------------------------------------------------
                         slack                                  1.737    <hidden>

Slack (MET) :             1.770ns  (required time - arrival time)
  Source:                 rst_s2_reg/C
                            (rising edge-triggered cell FDRE clocked by sys_clk  {rise@0.000ns fall@5.000ns period=10.000ns})
  Destination:            u_array/gen_rows[0].gen_cols[0].u_pe/r_reg[5]/R
                            (rising edge-triggered cell FDRE clocked by sys_clk  {rise@0.000ns fall@5.000ns period=10.000ns})
  Path Group:             sys_clk
  Path Type:              Setup (Max at Slow Process Corner)
  Requirement:            10.000ns  (sys_clk rise@10.000ns - sys_clk rise@0.000ns)
  Data Path Delay:        7.438ns  (logic 0.608ns (8.174%)  route 6.830ns (91.826%))
  Logic Levels:           1  (LUT2=1)
  Clock Path Skew:        -0.031ns (DCD - SCD + CPR)
    Destination Clock Delay (DCD):    5.115ns = ( 15.115 - 10.000 ) 
    Source Clock Delay      (SCD):    5.414ns
    Clock Pessimism Removal (CPR):    0.267ns
  Clock Uncertainty:      0.035ns  ((TSJ^2 + TIJ^2)^1/2 + DJ) / 2 + PE
    Total System Jitter     (TSJ):    0.071ns
    Total Input Jitter      (TIJ):    0.000ns
    Discrete Jitter          (DJ):    0.000ns
    Phase Error              (PE):    0.000ns

    Location             Delay type                Incr(ns)  Path(ns)    Netlist Resource(s)
  -------------------------------------------------------------------    -------------------
                         (clock sys_clk rise edge)    0.000     0.000 r  <hidden>
    E3                                                0.000     0.000 r  clk
                         net (fo=0)                   0.000     0.000    clk
    E3                   IBUF (Prop_ibuf_I_O)         1.482     1.482 r  clk_IBUF_inst/O
                         net (fo=1, routed)           2.025     3.506    clk_IBUF
    BUFGCTRL_X0Y16       BUFG (Prop_bufg_I_O)         0.096     3.602 r  clk_IBUF_BUFG_inst/O
                         net (fo=1034, routed)        1.811     5.414    clk_IBUF_BUFG
    SLICE_X29Y37         FDRE                                         r  rst_s2_reg/C
  -------------------------------------------------------------------    -------------------
    SLICE_X29Y37         FDRE (Prop_fdre_C_Q)         0.456     5.870 r  rst_s2_reg/Q
                         net (fo=643, routed)         2.285     8.155    u_ctrl/dp_rst_reg_0
    SLICE_X28Y29         LUT2 (Prop_lut2_I0_O)        0.152     8.307 r  u_ctrl/r[15]_i_1__14/O
                         net (fo=256, routed)         4.544    12.852    u_array/gen_rows[0].gen_cols[0].u_pe/SR[0]
    SLICE_X14Y1          FDRE                                         r  u_array/gen_rows[0].gen_cols[0].u_pe/r_reg[5]/R
  -------------------------------------------------------------------    -------------------

                         (clock sys_clk rise edge)   10.000    10.000 r  <hidden>
    E3                                                0.000    10.000 r  clk
                         net (fo=0)                   0.000    10.000    clk
    E3                   IBUF (Prop_ibuf_I_O)         1.411    11.411 r  clk_IBUF_inst/O
                         net (fo=1, routed)           1.920    13.331    clk_IBUF
    BUFGCTRL_X0Y16       BUFG (Prop_bufg_I_O)         0.091    13.422 r  clk_IBUF_BUFG_inst/O
                         net (fo=1034, routed)        1.693    15.115    u_array/gen_rows[0].gen_cols[0].u_pe/CLK
    SLICE_X14Y1          FDRE                                         r  u_array/gen_rows[0].gen_cols[0].u_pe/r_reg[5]/C
                         clock pessimism              0.267    15.383    <hidden>
                         clock uncertainty           -0.035    15.347    <hidden>
    SLICE_X14Y1          FDRE (Setup_fdre_C_R)       -0.726    14.621    u_array/gen_rows[0].gen_cols[0].u_pe/r_reg[5]
  -------------------------------------------------------------------
                         required time                         14.621    <hidden>
                         arrival time                         -12.852    <hidden>
  -------------------------------------------------------------------
                         slack                                  1.770    <hidden>

Slack (MET) :             1.865ns  (required time - arrival time)
  Source:                 rst_s2_reg/C
                            (rising edge-triggered cell FDRE clocked by sys_clk  {rise@0.000ns fall@5.000ns period=10.000ns})
  Destination:            u_array/gen_rows[0].gen_cols[0].u_pe/r_reg[3]/R
                            (rising edge-triggered cell FDRE clocked by sys_clk  {rise@0.000ns fall@5.000ns period=10.000ns})
  Path Group:             sys_clk
  Path Type:              Setup (Max at Slow Process Corner)
  Requirement:            10.000ns  (sys_clk rise@10.000ns - sys_clk rise@0.000ns)
  Data Path Delay:        7.438ns  (logic 0.608ns (8.174%)  route 6.830ns (91.826%))
  Logic Levels:           1  (LUT2=1)
  Clock Path Skew:        -0.031ns (DCD - SCD + CPR)
    Destination Clock Delay (DCD):    5.115ns = ( 15.115 - 10.000 ) 
    Source Clock Delay      (SCD):    5.414ns
    Clock Pessimism Removal (CPR):    0.267ns
  Clock Uncertainty:      0.035ns  ((TSJ^2 + TIJ^2)^1/2 + DJ) / 2 + PE
    Total System Jitter     (TSJ):    0.071ns
    Total Input Jitter      (TIJ):    0.000ns
    Discrete Jitter          (DJ):    0.000ns
    Phase Error              (PE):    0.000ns

    Location             Delay type                Incr(ns)  Path(ns)    Netlist Resource(s)
  -------------------------------------------------------------------    -------------------
                         (clock sys_clk rise edge)    0.000     0.000 r  <hidden>
    E3                                                0.000     0.000 r  clk
                         net (fo=0)                   0.000     0.000    clk
    E3                   IBUF (Prop_ibuf_I_O)         1.482     1.482 r  clk_IBUF_inst/O
                         net (fo=1, routed)           2.025     3.506    clk_IBUF
    BUFGCTRL_X0Y16       BUFG (Prop_bufg_I_O)         0.096     3.602 r  clk_IBUF_BUFG_inst/O
                         net (fo=1034, routed)        1.811     5.414    clk_IBUF_BUFG
    SLICE_X29Y37         FDRE                                         r  rst_s2_reg/C
  -------------------------------------------------------------------    -------------------
    SLICE_X29Y37         FDRE (Prop_fdre_C_Q)         0.456     5.870 r  rst_s2_reg/Q
                         net (fo=643, routed)         2.285     8.155    u_ctrl/dp_rst_reg_0
    SLICE_X28Y29         LUT2 (Prop_lut2_I0_O)        0.152     8.307 r  u_ctrl/r[15]_i_1__14/O
                         net (fo=256, routed)         4.544    12.852    u_array/gen_rows[0].gen_cols[0].u_pe/SR[0]
    SLICE_X15Y1          FDRE                                         r  u_array/gen_rows[0].gen_cols[0].u_pe/r_reg[3]/R
  -------------------------------------------------------------------    -------------------

                         (clock sys_clk rise edge)   10.000    10.000 r  <hidden>
    E3                                                0.000    10.000 r  clk
                         net (fo=0)                   0.000    10.000    clk
    E3                   IBUF (Prop_ibuf_I_O)         1.411    11.411 r  clk_IBUF_inst/O
                         net (fo=1, routed)           1.920    13.331    clk_IBUF
    BUFGCTRL_X0Y16       BUFG (Prop_bufg_I_O)         0.091    13.422 r  clk_IBUF_BUFG_inst/O
                         net (fo=1034, routed)        1.693    15.115    u_array/gen_rows[0].gen_cols[0].u_pe/CLK
    SLICE_X15Y1          FDRE                                         r  u_array/gen_rows[0].gen_cols[0].u_pe/r_reg[3]/C
                         clock pessimism              0.267    15.383    <hidden>
                         clock uncertainty           -0.035    15.347    <hidden>
    SLICE_X15Y1          FDRE (Setup_fdre_C_R)       -0.631    14.716    u_array/gen_rows[0].gen_cols[0].u_pe/r_reg[3]
  -------------------------------------------------------------------
                         required time                         14.716    <hidden>
                         arrival time                         -12.852    <hidden>
  -------------------------------------------------------------------
                         slack                                  1.865    <hidden>

Slack (MET) :             1.865ns  (required time - arrival time)
  Source:                 rst_s2_reg/C
                            (rising edge-triggered cell FDRE clocked by sys_clk  {rise@0.000ns fall@5.000ns period=10.000ns})
  Destination:            u_array/gen_rows[0].gen_cols[0].u_pe/r_reg[4]/R
                            (rising edge-triggered cell FDRE clocked by sys_clk  {rise@0.000ns fall@5.000ns period=10.000ns})
  Path Group:             sys_clk
  Path Type:              Setup (Max at Slow Process Corner)
  Requirement:            10.000ns  (sys_clk rise@10.000ns - sys_clk rise@0.000ns)
  Data Path Delay:        7.438ns  (logic 0.608ns (8.174%)  route 6.830ns (91.826%))
  Logic Levels:           1  (LUT2=1)
  Clock Path Skew:        -0.031ns (DCD - SCD + CPR)
    Destination Clock Delay (DCD):    5.115ns = ( 15.115 - 10.000 ) 
    Source Clock Delay      (SCD):    5.414ns
    Clock Pessimism Removal (CPR):    0.267ns
  Clock Uncertainty:      0.035ns  ((TSJ^2 + TIJ^2)^1/2 + DJ) / 2 + PE
    Total System Jitter     (TSJ):    0.071ns
    Total Input Jitter      (TIJ):    0.000ns
    Discrete Jitter          (DJ):    0.000ns
    Phase Error              (PE):    0.000ns

    Location             Delay type                Incr(ns)  Path(ns)    Netlist Resource(s)
  -------------------------------------------------------------------    -------------------
                         (clock sys_clk rise edge)    0.000     0.000 r  <hidden>
    E3                                                0.000     0.000 r  clk
                         net (fo=0)                   0.000     0.000    clk
    E3                   IBUF (Prop_ibuf_I_O)         1.482     1.482 r  clk_IBUF_inst/O
                         net (fo=1, routed)           2.025     3.506    clk_IBUF
    BUFGCTRL_X0Y16       BUFG (Prop_bufg_I_O)         0.096     3.602 r  clk_IBUF_BUFG_inst/O
                         net (fo=1034, routed)        1.811     5.414    clk_IBUF_BUFG
    SLICE_X29Y37         FDRE                                         r  rst_s2_reg/C
  -------------------------------------------------------------------    -------------------
    SLICE_X29Y37         FDRE (Prop_fdre_C_Q)         0.456     5.870 r  rst_s2_reg/Q
                         net (fo=643, routed)         2.285     8.155    u_ctrl/dp_rst_reg_0
    SLICE_X28Y29         LUT2 (Prop_lut2_I0_O)        0.152     8.307 r  u_ctrl/r[15]_i_1__14/O
                         net (fo=256, routed)         4.544    12.852    u_array/gen_rows[0].gen_cols[0].u_pe/SR[0]
    SLICE_X15Y1          FDRE                                         r  u_array/gen_rows[0].gen_cols[0].u_pe/r_reg[4]/R
  -------------------------------------------------------------------    -------------------

                         (clock sys_clk rise edge)   10.000    10.000 r  <hidden>
    E3                                                0.000    10.000 r  clk
                         net (fo=0)                   0.000    10.000    clk
    E3                   IBUF (Prop_ibuf_I_O)         1.411    11.411 r  clk_IBUF_inst/O
                         net (fo=1, routed)           1.920    13.331    clk_IBUF
    BUFGCTRL_X0Y16       BUFG (Prop_bufg_I_O)         0.091    13.422 r  clk_IBUF_BUFG_inst/O
                         net (fo=1034, routed)        1.693    15.115    u_array/gen_rows[0].gen_cols[0].u_pe/CLK
    SLICE_X15Y1          FDRE                                         r  u_array/gen_rows[0].gen_cols[0].u_pe/r_reg[4]/C
                         clock pessimism              0.267    15.383    <hidden>
                         clock uncertainty           -0.035    15.347    <hidden>
    SLICE_X15Y1          FDRE (Setup_fdre_C_R)       -0.631    14.716    u_array/gen_rows[0].gen_cols[0].u_pe/r_reg[4]
  -------------------------------------------------------------------
                         required time                         14.716    <hidden>
                         arrival time                         -12.852    <hidden>
  -------------------------------------------------------------------
                         slack                                  1.865    <hidden>

Slack (MET) :             1.925ns  (required time - arrival time)
  Source:                 rst_s2_reg/C
                            (rising edge-triggered cell FDRE clocked by sys_clk  {rise@0.000ns fall@5.000ns period=10.000ns})
  Destination:            u_array/gen_rows[0].gen_cols[0].u_pe/r_reg[7]/R
                            (rising edge-triggered cell FDRE clocked by sys_clk  {rise@0.000ns fall@5.000ns period=10.000ns})
  Path Group:             sys_clk
  Path Type:              Setup (Max at Slow Process Corner)
  Requirement:            10.000ns  (sys_clk rise@10.000ns - sys_clk rise@0.000ns)
  Data Path Delay:        7.283ns  (logic 0.608ns (8.348%)  route 6.675ns (91.652%))
  Logic Levels:           1  (LUT2=1)
  Clock Path Skew:        -0.031ns (DCD - SCD + CPR)
    Destination Clock Delay (DCD):    5.115ns = ( 15.115 - 10.000 ) 
    Source Clock Delay      (SCD):    5.414ns
    Clock Pessimism Removal (CPR):    0.267ns
  Clock Uncertainty:      0.035ns  ((TSJ^2 + TIJ^2)^1/2 + DJ) / 2 + PE
    Total System Jitter     (TSJ):    0.071ns
    Total Input Jitter      (TIJ):    0.000ns
    Discrete Jitter          (DJ):    0.000ns
    Phase Error              (PE):    0.000ns

    Location             Delay type                Incr(ns)  Path(ns)    Netlist Resource(s)
  -------------------------------------------------------------------    -------------------
                         (clock sys_clk rise edge)    0.000     0.000 r  <hidden>
    E3                                                0.000     0.000 r  clk
                         net (fo=0)                   0.000     0.000    clk
    E3                   IBUF (Prop_ibuf_I_O)         1.482     1.482 r  clk_IBUF_inst/O
                         net (fo=1, routed)           2.025     3.506    clk_IBUF
    BUFGCTRL_X0Y16       BUFG (Prop_bufg_I_O)         0.096     3.602 r  clk_IBUF_BUFG_inst/O
                         net (fo=1034, routed)        1.811     5.414    clk_IBUF_BUFG
    SLICE_X29Y37         FDRE                                         r  rst_s2_reg/C
  -------------------------------------------------------------------    -------------------
    SLICE_X29Y37         FDRE (Prop_fdre_C_Q)         0.456     5.870 r  rst_s2_reg/Q
                         net (fo=643, routed)         2.285     8.155    u_ctrl/dp_rst_reg_0
    SLICE_X28Y29         LUT2 (Prop_lut2_I0_O)        0.152     8.307 r  u_ctrl/r[15]_i_1__14/O
                         net (fo=256, routed)         4.390    12.697    u_array/gen_rows[0].gen_cols[0].u_pe/SR[0]
    SLICE_X14Y2          FDRE                                         r  u_array/gen_rows[0].gen_cols[0].u_pe/r_reg[7]/R
  -------------------------------------------------------------------    -------------------

                         (clock sys_clk rise edge)   10.000    10.000 r  <hidden>
    E3                                                0.000    10.000 r  clk
                         net (fo=0)                   0.000    10.000    clk
    E3                   IBUF (Prop_ibuf_I_O)         1.411    11.411 r  clk_IBUF_inst/O
                         net (fo=1, routed)           1.920    13.331    clk_IBUF
    BUFGCTRL_X0Y16       BUFG (Prop_bufg_I_O)         0.091    13.422 r  clk_IBUF_BUFG_inst/O
                         net (fo=1034, routed)        1.693    15.115    u_array/gen_rows[0].gen_cols[0].u_pe/CLK
    SLICE_X14Y2          FDRE                                         r  u_array/gen_rows[0].gen_cols[0].u_pe/r_reg[7]/C
                         clock pessimism              0.267    15.383    <hidden>
                         clock uncertainty           -0.035    15.347    <hidden>
    SLICE_X14Y2          FDRE (Setup_fdre_C_R)       -0.726    14.621    u_array/gen_rows[0].gen_cols[0].u_pe/r_reg[7]
  -------------------------------------------------------------------
                         required time                         14.621    <hidden>
                         arrival time                         -12.697    <hidden>
  -------------------------------------------------------------------
                         slack                                  1.925    <hidden>

Slack (MET) :             2.020ns  (required time - arrival time)
  Source:                 rst_s2_reg/C
                            (rising edge-triggered cell FDRE clocked by sys_clk  {rise@0.000ns fall@5.000ns period=10.000ns})
  Destination:            u_array/gen_rows[0].gen_cols[0].u_pe/r_reg[6]/R
                            (rising edge-triggered cell FDRE clocked by sys_clk  {rise@0.000ns fall@5.000ns period=10.000ns})
  Path Group:             sys_clk
  Path Type:              Setup (Max at Slow Process Corner)
  Requirement:            10.000ns  (sys_clk rise@10.000ns - sys_clk rise@0.000ns)
  Data Path Delay:        7.283ns  (logic 0.608ns (8.348%)  route 6.675ns (91.652%))
  Logic Levels:           1  (LUT2=1)
  Clock Path Skew:        -0.031ns (DCD - SCD + CPR)
    Destination Clock Delay (DCD):    5.115ns = ( 15.115 - 10.000 ) 
    Source Clock Delay      (SCD):    5.414ns
    Clock Pessimism Removal (CPR):    0.267ns
  Clock Uncertainty:      0.035ns  ((TSJ^2 + TIJ^2)^1/2 + DJ) / 2 + PE
    Total System Jitter     (TSJ):    0.071ns
    Total Input Jitter      (TIJ):    0.000ns
    Discrete Jitter          (DJ):    0.000ns
    Phase Error              (PE):    0.000ns

    Location             Delay type                Incr(ns)  Path(ns)    Netlist Resource(s)
  -------------------------------------------------------------------    -------------------
                         (clock sys_clk rise edge)    0.000     0.000 r  <hidden>
    E3                                                0.000     0.000 r  clk
                         net (fo=0)                   0.000     0.000    clk
    E3                   IBUF (Prop_ibuf_I_O)         1.482     1.482 r  clk_IBUF_inst/O
                         net (fo=1, routed)           2.025     3.506    clk_IBUF
    BUFGCTRL_X0Y16       BUFG (Prop_bufg_I_O)         0.096     3.602 r  clk_IBUF_BUFG_inst/O
                         net (fo=1034, routed)        1.811     5.414    clk_IBUF_BUFG
    SLICE_X29Y37         FDRE                                         r  rst_s2_reg/C
  -------------------------------------------------------------------    -------------------
    SLICE_X29Y37         FDRE (Prop_fdre_C_Q)         0.456     5.870 r  rst_s2_reg/Q
                         net (fo=643, routed)         2.285     8.155    u_ctrl/dp_rst_reg_0
    SLICE_X28Y29         LUT2 (Prop_lut2_I0_O)        0.152     8.307 r  u_ctrl/r[15]_i_1__14/O
                         net (fo=256, routed)         4.390    12.697    u_array/gen_rows[0].gen_cols[0].u_pe/SR[0]
    SLICE_X15Y2          FDRE                                         r  u_array/gen_rows[0].gen_cols[0].u_pe/r_reg[6]/R
  -------------------------------------------------------------------    -------------------

                         (clock sys_clk rise edge)   10.000    10.000 r  <hidden>
    E3                                                0.000    10.000 r  clk
                         net (fo=0)                   0.000    10.000    clk
    E3                   IBUF (Prop_ibuf_I_O)         1.411    11.411 r  clk_IBUF_inst/O
                         net (fo=1, routed)           1.920    13.331    clk_IBUF
    BUFGCTRL_X0Y16       BUFG (Prop_bufg_I_O)         0.091    13.422 r  clk_IBUF_BUFG_inst/O
                         net (fo=1034, routed)        1.693    15.115    u_array/gen_rows[0].gen_cols[0].u_pe/CLK
    SLICE_X15Y2          FDRE                                         r  u_array/gen_rows[0].gen_cols[0].u_pe/r_reg[6]/C
                         clock pessimism              0.267    15.383    <hidden>
                         clock uncertainty           -0.035    15.347    <hidden>
    SLICE_X15Y2          FDRE (Setup_fdre_C_R)       -0.631    14.716    u_array/gen_rows[0].gen_cols[0].u_pe/r_reg[6]
  -------------------------------------------------------------------
                         required time                         14.716    <hidden>
                         arrival time                         -12.697    <hidden>
  -------------------------------------------------------------------
                         slack                                  2.020    <hidden>

Slack (MET) :             2.084ns  (required time - arrival time)
  Source:                 rst_s2_reg/C
                            (rising edge-triggered cell FDRE clocked by sys_clk  {rise@0.000ns fall@5.000ns period=10.000ns})
  Destination:            u_array/gen_rows[1].gen_cols[0].u_pe/r_reg[8]/R
                            (rising edge-triggered cell FDRE clocked by sys_clk  {rise@0.000ns fall@5.000ns period=10.000ns})
  Path Group:             sys_clk
  Path Type:              Setup (Max at Slow Process Corner)
  Requirement:            10.000ns  (sys_clk rise@10.000ns - sys_clk rise@0.000ns)
  Data Path Delay:        7.214ns  (logic 0.608ns (8.428%)  route 6.606ns (91.572%))
  Logic Levels:           1  (LUT2=1)
  Clock Path Skew:        -0.035ns (DCD - SCD + CPR)
    Destination Clock Delay (DCD):    5.111ns = ( 15.111 - 10.000 ) 
    Source Clock Delay      (SCD):    5.414ns
    Clock Pessimism Removal (CPR):    0.267ns
  Clock Uncertainty:      0.035ns  ((TSJ^2 + TIJ^2)^1/2 + DJ) / 2 + PE
    Total System Jitter     (TSJ):    0.071ns
    Total Input Jitter      (TIJ):    0.000ns
    Discrete Jitter          (DJ):    0.000ns
    Phase Error              (PE):    0.000ns

    Location             Delay type                Incr(ns)  Path(ns)    Netlist Resource(s)
  -------------------------------------------------------------------    -------------------
                         (clock sys_clk rise edge)    0.000     0.000 r  <hidden>
    E3                                                0.000     0.000 r  clk
                         net (fo=0)                   0.000     0.000    clk
    E3                   IBUF (Prop_ibuf_I_O)         1.482     1.482 r  clk_IBUF_inst/O
                         net (fo=1, routed)           2.025     3.506    clk_IBUF
    BUFGCTRL_X0Y16       BUFG (Prop_bufg_I_O)         0.096     3.602 r  clk_IBUF_BUFG_inst/O
                         net (fo=1034, routed)        1.811     5.414    clk_IBUF_BUFG
    SLICE_X29Y37         FDRE                                         r  rst_s2_reg/C
  -------------------------------------------------------------------    -------------------
    SLICE_X29Y37         FDRE (Prop_fdre_C_Q)         0.456     5.870 r  rst_s2_reg/Q
                         net (fo=643, routed)         2.285     8.155    u_ctrl/dp_rst_reg_0
    SLICE_X28Y29         LUT2 (Prop_lut2_I0_O)        0.152     8.307 r  u_ctrl/r[15]_i_1__14/O
                         net (fo=256, routed)         4.321    12.628    u_array/gen_rows[1].gen_cols[0].u_pe/SR[0]
    SLICE_X24Y2          FDRE                                         r  u_array/gen_rows[1].gen_cols[0].u_pe/r_reg[8]/R
  -------------------------------------------------------------------    -------------------

                         (clock sys_clk rise edge)   10.000    10.000 r  <hidden>
    E3                                                0.000    10.000 r  clk
                         net (fo=0)                   0.000    10.000    clk
    E3                   IBUF (Prop_ibuf_I_O)         1.411    11.411 r  clk_IBUF_inst/O
                         net (fo=1, routed)           1.920    13.331    clk_IBUF
    BUFGCTRL_X0Y16       BUFG (Prop_bufg_I_O)         0.091    13.422 r  clk_IBUF_BUFG_inst/O
                         net (fo=1034, routed)        1.689    15.111    u_array/gen_rows[1].gen_cols[0].u_pe/CLK
    SLICE_X24Y2          FDRE                                         r  u_array/gen_rows[1].gen_cols[0].u_pe/r_reg[8]/C
                         clock pessimism              0.267    15.379    <hidden>
                         clock uncertainty           -0.035    15.343    <hidden>
    SLICE_X24Y2          FDRE (Setup_fdre_C_R)       -0.631    14.712    u_array/gen_rows[1].gen_cols[0].u_pe/r_reg[8]
  -------------------------------------------------------------------
                         required time                         14.712    <hidden>
                         arrival time                         -12.628    <hidden>
  -------------------------------------------------------------------
                         slack                                  2.084    <hidden>

Slack (MET) :             2.091ns  (required time - arrival time)
  Source:                 rst_s2_reg/C
                            (rising edge-triggered cell FDRE clocked by sys_clk  {rise@0.000ns fall@5.000ns period=10.000ns})
  Destination:            u_array/gen_rows[1].gen_cols[3].u_pe/r_reg[8]/R
                            (rising edge-triggered cell FDRE clocked by sys_clk  {rise@0.000ns fall@5.000ns period=10.000ns})
  Path Group:             sys_clk
  Path Type:              Setup (Max at Slow Process Corner)
  Requirement:            10.000ns  (sys_clk rise@10.000ns - sys_clk rise@0.000ns)
  Data Path Delay:        7.120ns  (logic 0.608ns (8.539%)  route 6.512ns (91.461%))
  Logic Levels:           1  (LUT2=1)
  Clock Path Skew:        -0.123ns (DCD - SCD + CPR)
    Destination Clock Delay (DCD):    5.095ns = ( 15.095 - 10.000 ) 
    Source Clock Delay      (SCD):    5.414ns
    Clock Pessimism Removal (CPR):    0.195ns
  Clock Uncertainty:      0.035ns  ((TSJ^2 + TIJ^2)^1/2 + DJ) / 2 + PE
    Total System Jitter     (TSJ):    0.071ns
    Total Input Jitter      (TIJ):    0.000ns
    Discrete Jitter          (DJ):    0.000ns
    Phase Error              (PE):    0.000ns

    Location             Delay type                Incr(ns)  Path(ns)    Netlist Resource(s)
  -------------------------------------------------------------------    -------------------
                         (clock sys_clk rise edge)    0.000     0.000 r  <hidden>
    E3                                                0.000     0.000 r  clk
                         net (fo=0)                   0.000     0.000    clk
    E3                   IBUF (Prop_ibuf_I_O)         1.482     1.482 r  clk_IBUF_inst/O
                         net (fo=1, routed)           2.025     3.506    clk_IBUF
    BUFGCTRL_X0Y16       BUFG (Prop_bufg_I_O)         0.096     3.602 r  clk_IBUF_BUFG_inst/O
                         net (fo=1034, routed)        1.811     5.414    clk_IBUF_BUFG
    SLICE_X29Y37         FDRE                                         r  rst_s2_reg/C
  -------------------------------------------------------------------    -------------------
    SLICE_X29Y37         FDRE (Prop_fdre_C_Q)         0.456     5.870 r  rst_s2_reg/Q
                         net (fo=643, routed)         2.285     8.155    u_ctrl/dp_rst_reg_0
    SLICE_X28Y29         LUT2 (Prop_lut2_I0_O)        0.152     8.307 r  u_ctrl/r[15]_i_1__14/O
                         net (fo=256, routed)         4.227    12.534    u_array/gen_rows[1].gen_cols[3].u_pe/SR[0]
    SLICE_X59Y8          FDRE                                         r  u_array/gen_rows[1].gen_cols[3].u_pe/r_reg[8]/R
  -------------------------------------------------------------------    -------------------

                         (clock sys_clk rise edge)   10.000    10.000 r  <hidden>
    E3                                                0.000    10.000 r  clk
                         net (fo=0)                   0.000    10.000    clk
    E3                   IBUF (Prop_ibuf_I_O)         1.411    11.411 r  clk_IBUF_inst/O
                         net (fo=1, routed)           1.920    13.331    clk_IBUF
    BUFGCTRL_X0Y16       BUFG (Prop_bufg_I_O)         0.091    13.422 r  clk_IBUF_BUFG_inst/O
                         net (fo=1034, routed)        1.673    15.095    u_array/gen_rows[1].gen_cols[3].u_pe/CLK
    SLICE_X59Y8          FDRE                                         r  u_array/gen_rows[1].gen_cols[3].u_pe/r_reg[8]/C
                         clock pessimism              0.195    15.291    <hidden>
                         clock uncertainty           -0.035    15.255    <hidden>
    SLICE_X59Y8          FDRE (Setup_fdre_C_R)       -0.631    14.624    u_array/gen_rows[1].gen_cols[3].u_pe/r_reg[8]
  -------------------------------------------------------------------
                         required time                         14.624    <hidden>
                         arrival time                         -12.534    <hidden>
  -------------------------------------------------------------------
                         slack                                  2.091    <hidden>




