Copyright 1986-2022 Xilinx, Inc. All Rights Reserved. Copyright 2022-2026 Advanced Micro Devices, Inc. All Rights Reserved.
---------------------------------------------------------------------------------------------------------------------------------------------
| Tool Version : Vivado v.2026.1 (lin64) Build 6511674 Tue Jun 16 11:01:26 MDT 2026
| Date         : Wed Sep 23 16:21:32 2026
| Host         : 4137314 running 64-bit unknown
| Command      : report_timing_summary -max_paths 10 -file build/vivado/timing_synth_nexys_a7.rpt
| Design       : cgra_top
| Device       : 7a100t-csg324
| Speed File   : -1  PRODUCTION 1.23 2018-06-13
| Design State : Synthesized
---------------------------------------------------------------------------------------------------------------------------------------------

Timing Summary Report

------------------------------------------------------------------------------------------------
| Timer Settings
| --------------
------------------------------------------------------------------------------------------------

  Enable Multi Corner Analysis               :  Yes
  Enable Pessimism Removal                   :  Yes
  Pessimism Removal Resolution               :  Nearest Common Node
  Enable Input Delay Default Clock           :  No
  Enable Preset / Clear Arcs                 :  No
  Disable Flight Delays                      :  No
  Ignore I/O Paths                           :  No
  Timing Early Launch at Borrowing Latches   :  No
  Borrow Time for Max Delay Exceptions       :  Yes
  Merge Timing Exceptions                    :  Yes
  Inter-SLR Compensation                     :  Conservative

  Corner  Analyze    Analyze    
  Name    Max Paths  Min Paths  
  ------  ---------  ---------  
  Slow    Yes        Yes        
  Fast    Yes        Yes        


------------------------------------------------------------------------------------------------
| Report Methodology
| ------------------
------------------------------------------------------------------------------------------------

No report available as report_methodology has not been run prior. Run report_methodology on the current design for the summary of methodology violations.



check_timing report

Table of Contents
-----------------
1. checking no_clock (0)
2. checking constant_clock (0)
3. checking pulse_width_clock (0)
4. checking unconstrained_internal_endpoints (0)
5. checking no_input_delay (2)
6. checking no_output_delay (4)
7. checking multiple_clock (0)
8. checking generated_clocks (0)
9. checking loops (0)
10. checking partial_input_delay (0)
11. checking partial_output_delay (0)
12. checking latch_loops (0)

1. checking no_clock (0)
------------------------
 There are 0 register/latch pins with no clock.


2. checking constant_clock (0)
------------------------------
 There are 0 register/latch pins with constant_clock.


3. checking pulse_width_clock (0)
---------------------------------
 There are 0 register/latch pins which need pulse_width check


4. checking unconstrained_internal_endpoints (0)
------------------------------------------------
 There are 0 pins that are not constrained for maximum delay.

 There are 0 pins that are not constrained for maximum delay due to constant clock.


5. checking no_input_delay (2)
------------------------------
 There are 0 input ports with no input delay specified.

 There are 2 input ports with no input delay but user has a false path constraint. (MEDIUM)


6. checking no_output_delay (4)
-------------------------------
 There are 0 ports with no output delay specified.

 There are 4 ports with no output delay but user has a false path constraint (MEDIUM)

 There are 0 ports with no output delay but with a timing clock defined on it or propagating through it


7. checking multiple_clock (0)
------------------------------
 There are 0 register/latch pins with multiple clocks.


8. checking generated_clocks (0)
--------------------------------
 There are 0 generated clocks that are not connected to a clock source.


9. checking loops (0)
---------------------
 There are 0 combinational loops in the design.


10. checking partial_input_delay (0)
------------------------------------
 There are 0 input ports with partial input delay specified.


11. checking partial_output_delay (0)
-------------------------------------
 There are 0 ports with partial output delay specified.


12. checking latch_loops (0)
----------------------------
 There are 0 combinational latch loops in the design through latch input



------------------------------------------------------------------------------------------------
| Design Timing Summary
| ---------------------
------------------------------------------------------------------------------------------------

    WNS(ns)      TNS(ns)  TNS Failing Endpoints  TNS Total Endpoints      WHS(ns)      THS(ns)  THS Failing Endpoints  THS Total Endpoints     WPWS(ns)     TPWS(ns)  TPWS Failing Endpoints  TPWS Total Endpoints  
    -------      -------  ---------------------  -------------------      -------      -------  ---------------------  -------------------     --------     --------  ----------------------  --------------------  
      4.691        0.000                      0                 2865        0.143        0.000                      0                 2865        4.500        0.000                       0                  1035  


All user specified timing constraints are met.


------------------------------------------------------------------------------------------------
| Clock Summary
| -------------
------------------------------------------------------------------------------------------------

Clock    Waveform(ns)       Period(ns)      Frequency(MHz)
-----    ------------       ----------      --------------
sys_clk  {0.000 5.000}      10.000          100.000         


------------------------------------------------------------------------------------------------
| Intra Clock Table
| -----------------
------------------------------------------------------------------------------------------------

Clock             WNS(ns)      TNS(ns)  TNS Failing Endpoints  TNS Total Endpoints      WHS(ns)      THS(ns)  THS Failing Endpoints  THS Total Endpoints     WPWS(ns)     TPWS(ns)  TPWS Failing Endpoints  TPWS Total Endpoints  
-----             -------      -------  ---------------------  -------------------      -------      -------  ---------------------  -------------------     --------     --------  ----------------------  --------------------  
sys_clk             4.691        0.000                      0                 2865        0.143        0.000                      0                 2865        4.500        0.000                       0                  1035  


------------------------------------------------------------------------------------------------
| Inter Clock Table
| -----------------
------------------------------------------------------------------------------------------------

From Clock    To Clock          WNS(ns)      TNS(ns)  TNS Failing Endpoints  TNS Total Endpoints      WHS(ns)      THS(ns)  THS Failing Endpoints  THS Total Endpoints  
----------    --------          -------      -------  ---------------------  -------------------      -------      -------  ---------------------  -------------------  


------------------------------------------------------------------------------------------------
| Other Path Groups Table
| -----------------------
------------------------------------------------------------------------------------------------

Path Group    From Clock    To Clock          WNS(ns)      TNS(ns)  TNS Failing Endpoints  TNS Total Endpoints      WHS(ns)      THS(ns)  THS Failing Endpoints  THS Total Endpoints  
----------    ----------    --------          -------      -------  ---------------------  -------------------      -------      -------  ---------------------  -------------------  


------------------------------------------------------------------------------------------------
| Timing Details
| --------------
------------------------------------------------------------------------------------------------


---------------------------------------------------------------------------------------------------
From Clock:  sys_clk
  To Clock:  sys_clk

Setup :            0  Failing Endpoints,  Worst Slack        4.691ns,  Total Violation        0.000ns
Hold  :            0  Failing Endpoints,  Worst Slack        0.143ns,  Total Violation        0.000ns
PW    :            0  Failing Endpoints,  Worst Slack        4.500ns,  Total Violation        0.000ns
---------------------------------------------------------------------------------------------------


Max Delay Paths
--------------------------------------------------------------------------------------
Slack (MET) :             4.691ns  (required time - arrival time)
  Source:                 u_ctrl/wd_reg[21]/C
                            (rising edge-triggered cell FDRE clocked by sys_clk  {rise@0.000ns fall@5.000ns period=10.000ns})
  Destination:            u_ctrl/state_reg[0]/CE
                            (rising edge-triggered cell FDRE clocked by sys_clk  {rise@0.000ns fall@5.000ns period=10.000ns})
  Path Group:             sys_clk
  Path Type:              Setup (Max at Slow Process Corner)
  Requirement:            10.000ns  (sys_clk rise@10.000ns - sys_clk rise@0.000ns)
  Data Path Delay:        4.927ns  (logic 1.261ns (25.594%)  route 3.666ns (74.406%))
  Logic Levels:           5  (LUT4=1 LUT5=1 LUT6=3)
  Clock Path Skew:        -0.145ns (DCD - SCD + CPR)
    Destination Clock Delay (DCD):    2.704ns = ( 12.704 - 10.000 ) 
    Source Clock Delay      (SCD):    2.965ns
    Clock Pessimism Removal (CPR):    0.116ns
  Clock Uncertainty:      0.035ns  ((TSJ^2 + TIJ^2)^1/2 + DJ) / 2 + PE
    Total System Jitter     (TSJ):    0.071ns
    Total Input Jitter      (TIJ):    0.000ns
    Discrete Jitter          (DJ):    0.000ns
    Phase Error              (PE):    0.000ns

    Location             Delay type                Incr(ns)  Path(ns)    Netlist Resource(s)
  -------------------------------------------------------------------    -------------------
                         (clock sys_clk rise edge)    0.000     0.000 r  <hidden>
    E3                                                0.000     0.000 r  clk
                         net (fo=0)                   0.000     0.000    clk
    E3                   IBUF (Prop_ibuf_I_O)         1.482     1.482 r  clk_IBUF_inst/O
                         net (fo=1, unplaced)         0.803     2.285    clk_IBUF
                         BUFG (Prop_bufg_I_O)         0.096     2.381 r  clk_IBUF_BUFG_inst/O
                         net (fo=1034, unplaced)      0.584     2.965    u_ctrl/clk
                         FDRE                                         r  u_ctrl/wd_reg[21]/C
  -------------------------------------------------------------------    -------------------
                         FDRE (Prop_fdre_C_Q)         0.478     3.443 r  u_ctrl/wd_reg[21]/Q
                         net (fo=2, unplaced)         0.774     4.217    u_ctrl/wd_reg[21]
                         LUT4 (Prop_lut4_I1_O)        0.295     4.512 f  u_ctrl/wd[0]_i_9/O
                         net (fo=2, unplaced)         0.460     4.972    u_ctrl/wd[0]_i_9_n_0
                         LUT5 (Prop_lut5_I4_O)        0.116     5.088 f  u_ctrl/wd[0]_i_6/O
                         net (fo=1, unplaced)         0.732     5.820    u_ctrl/wd[0]_i_6_n_0
                         LUT6 (Prop_lut6_I0_O)        0.124     5.944 f  u_ctrl/wd[0]_i_4/O
                         net (fo=3, unplaced)         0.467     6.411    u_ctrl/wd[0]_i_4_n_0
                         LUT6 (Prop_lut6_I4_O)        0.124     6.535 f  u_ctrl/state[4]_i_4/O
                         net (fo=1, unplaced)         0.732     7.267    u_ctrl/state[4]_i_4_n_0
                         LUT6 (Prop_lut6_I2_O)        0.124     7.391 r  u_ctrl/state[4]_i_1/O
                         net (fo=5, unplaced)         0.501     7.892    u_ctrl/state[4]_i_1_n_0
                         FDRE                                         r  u_ctrl/state_reg[0]/CE
  -------------------------------------------------------------------    -------------------

                         (clock sys_clk rise edge)   10.000    10.000 r  <hidden>
    E3                                                0.000    10.000 r  clk
                         net (fo=0)                   0.000    10.000    clk
    E3                   IBUF (Prop_ibuf_I_O)         1.411    11.411 r  clk_IBUF_inst/O
                         net (fo=1, unplaced)         0.763    12.174    clk_IBUF
                         BUFG (Prop_bufg_I_O)         0.091    12.265 r  clk_IBUF_BUFG_inst/O
                         net (fo=1034, unplaced)      0.439    12.704    u_ctrl/clk
                         FDRE                                         r  u_ctrl/state_reg[0]/C
                         clock pessimism              0.116    12.820    <hidden>
                         clock uncertainty           -0.035    12.784    <hidden>
                         FDRE (Setup_fdre_C_CE)      -0.202    12.582    u_ctrl/state_reg[0]
  -------------------------------------------------------------------
                         required time                         12.582    <hidden>
                         arrival time                          -7.892    <hidden>
  -------------------------------------------------------------------
                         slack                                  4.691    <hidden>

Slack (MET) :             4.691ns  (required time - arrival time)
  Source:                 u_ctrl/wd_reg[21]/C
                            (rising edge-triggered cell FDRE clocked by sys_clk  {rise@0.000ns fall@5.000ns period=10.000ns})
  Destination:            u_ctrl/state_reg[1]/CE
                            (rising edge-triggered cell FDRE clocked by sys_clk  {rise@0.000ns fall@5.000ns period=10.000ns})
  Path Group:             sys_clk
  Path Type:              Setup (Max at Slow Process Corner)
  Requirement:            10.000ns  (sys_clk rise@10.000ns - sys_clk rise@0.000ns)
  Data Path Delay:        4.927ns  (logic 1.261ns (25.594%)  route 3.666ns (74.406%))
  Logic Levels:           5  (LUT4=1 LUT5=1 LUT6=3)
  Clock Path Skew:        -0.145ns (DCD - SCD + CPR)
    Destination Clock Delay (DCD):    2.704ns = ( 12.704 - 10.000 ) 
    Source Clock Delay      (SCD):    2.965ns
    Clock Pessimism Removal (CPR):    0.116ns
  Clock Uncertainty:      0.035ns  ((TSJ^2 + TIJ^2)^1/2 + DJ) / 2 + PE
    Total System Jitter     (TSJ):    0.071ns
    Total Input Jitter      (TIJ):    0.000ns
    Discrete Jitter          (DJ):    0.000ns
    Phase Error              (PE):    0.000ns

    Location             Delay type                Incr(ns)  Path(ns)    Netlist Resource(s)
  -------------------------------------------------------------------    -------------------
                         (clock sys_clk rise edge)    0.000     0.000 r  <hidden>
    E3                                                0.000     0.000 r  clk
                         net (fo=0)                   0.000     0.000    clk
    E3                   IBUF (Prop_ibuf_I_O)         1.482     1.482 r  clk_IBUF_inst/O
                         net (fo=1, unplaced)         0.803     2.285    clk_IBUF
                         BUFG (Prop_bufg_I_O)         0.096     2.381 r  clk_IBUF_BUFG_inst/O
                         net (fo=1034, unplaced)      0.584     2.965    u_ctrl/clk
                         FDRE                                         r  u_ctrl/wd_reg[21]/C
  -------------------------------------------------------------------    -------------------
                         FDRE (Prop_fdre_C_Q)         0.478     3.443 r  u_ctrl/wd_reg[21]/Q
                         net (fo=2, unplaced)         0.774     4.217    u_ctrl/wd_reg[21]
                         LUT4 (Prop_lut4_I1_O)        0.295     4.512 f  u_ctrl/wd[0]_i_9/O
                         net (fo=2, unplaced)         0.460     4.972    u_ctrl/wd[0]_i_9_n_0
                         LUT5 (Prop_lut5_I4_O)        0.116     5.088 f  u_ctrl/wd[0]_i_6/O
                         net (fo=1, unplaced)         0.732     5.820    u_ctrl/wd[0]_i_6_n_0
                         LUT6 (Prop_lut6_I0_O)        0.124     5.944 f  u_ctrl/wd[0]_i_4/O
                         net (fo=3, unplaced)         0.467     6.411    u_ctrl/wd[0]_i_4_n_0
                         LUT6 (Prop_lut6_I4_O)        0.124     6.535 f  u_ctrl/state[4]_i_4/O
                         net (fo=1, unplaced)         0.732     7.267    u_ctrl/state[4]_i_4_n_0
                         LUT6 (Prop_lut6_I2_O)        0.124     7.391 r  u_ctrl/state[4]_i_1/O
                         net (fo=5, unplaced)         0.501     7.892    u_ctrl/state[4]_i_1_n_0
                         FDRE                                         r  u_ctrl/state_reg[1]/CE
  -------------------------------------------------------------------    -------------------

                         (clock sys_clk rise edge)   10.000    10.000 r  <hidden>
    E3                                                0.000    10.000 r  clk
                         net (fo=0)                   0.000    10.000    clk
    E3                   IBUF (Prop_ibuf_I_O)         1.411    11.411 r  clk_IBUF_inst/O
                         net (fo=1, unplaced)         0.763    12.174    clk_IBUF
                         BUFG (Prop_bufg_I_O)         0.091    12.265 r  clk_IBUF_BUFG_inst/O
                         net (fo=1034, unplaced)      0.439    12.704    u_ctrl/clk
                         FDRE                                         r  u_ctrl/state_reg[1]/C
                         clock pessimism              0.116    12.820    <hidden>
                         clock uncertainty           -0.035    12.784    <hidden>
                         FDRE (Setup_fdre_C_CE)      -0.202    12.582    u_ctrl/state_reg[1]
  -------------------------------------------------------------------
                         required time                         12.582    <hidden>
                         arrival time                          -7.892    <hidden>
  -------------------------------------------------------------------
                         slack                                  4.691    <hidden>

Slack (MET) :             4.691ns  (required time - arrival time)
  Source:                 u_ctrl/wd_reg[21]/C
                            (rising edge-triggered cell FDRE clocked by sys_clk  {rise@0.000ns fall@5.000ns period=10.000ns})
  Destination:            u_ctrl/state_reg[2]/CE
                            (rising edge-triggered cell FDRE clocked by sys_clk  {rise@0.000ns fall@5.000ns period=10.000ns})
  Path Group:             sys_clk
  Path Type:              Setup (Max at Slow Process Corner)
  Requirement:            10.000ns  (sys_clk rise@10.000ns - sys_clk rise@0.000ns)
  Data Path Delay:        4.927ns  (logic 1.261ns (25.594%)  route 3.666ns (74.406%))
  Logic Levels:           5  (LUT4=1 LUT5=1 LUT6=3)
  Clock Path Skew:        -0.145ns (DCD - SCD + CPR)
    Destination Clock Delay (DCD):    2.704ns = ( 12.704 - 10.000 ) 
    Source Clock Delay      (SCD):    2.965ns
    Clock Pessimism Removal (CPR):    0.116ns
  Clock Uncertainty:      0.035ns  ((TSJ^2 + TIJ^2)^1/2 + DJ) / 2 + PE
    Total System Jitter     (TSJ):    0.071ns
    Total Input Jitter      (TIJ):    0.000ns
    Discrete Jitter          (DJ):    0.000ns
    Phase Error              (PE):    0.000ns

    Location             Delay type                Incr(ns)  Path(ns)    Netlist Resource(s)
  -------------------------------------------------------------------    -------------------
                         (clock sys_clk rise edge)    0.000     0.000 r  <hidden>
    E3                                                0.000     0.000 r  clk
                         net (fo=0)                   0.000     0.000    clk
    E3                   IBUF (Prop_ibuf_I_O)         1.482     1.482 r  clk_IBUF_inst/O
                         net (fo=1, unplaced)         0.803     2.285    clk_IBUF
                         BUFG (Prop_bufg_I_O)         0.096     2.381 r  clk_IBUF_BUFG_inst/O
                         net (fo=1034, unplaced)      0.584     2.965    u_ctrl/clk
                         FDRE                                         r  u_ctrl/wd_reg[21]/C
  -------------------------------------------------------------------    -------------------
                         FDRE (Prop_fdre_C_Q)         0.478     3.443 r  u_ctrl/wd_reg[21]/Q
                         net (fo=2, unplaced)         0.774     4.217    u_ctrl/wd_reg[21]
                         LUT4 (Prop_lut4_I1_O)        0.295     4.512 f  u_ctrl/wd[0]_i_9/O
                         net (fo=2, unplaced)         0.460     4.972    u_ctrl/wd[0]_i_9_n_0
                         LUT5 (Prop_lut5_I4_O)        0.116     5.088 f  u_ctrl/wd[0]_i_6/O
                         net (fo=1, unplaced)         0.732     5.820    u_ctrl/wd[0]_i_6_n_0
                         LUT6 (Prop_lut6_I0_O)        0.124     5.944 f  u_ctrl/wd[0]_i_4/O
                         net (fo=3, unplaced)         0.467     6.411    u_ctrl/wd[0]_i_4_n_0
                         LUT6 (Prop_lut6_I4_O)        0.124     6.535 f  u_ctrl/state[4]_i_4/O
                         net (fo=1, unplaced)         0.732     7.267    u_ctrl/state[4]_i_4_n_0
                         LUT6 (Prop_lut6_I2_O)        0.124     7.391 r  u_ctrl/state[4]_i_1/O
                         net (fo=5, unplaced)         0.501     7.892    u_ctrl/state[4]_i_1_n_0
                         FDRE                                         r  u_ctrl/state_reg[2]/CE
  -------------------------------------------------------------------    -------------------

                         (clock sys_clk rise edge)   10.000    10.000 r  <hidden>
    E3                                                0.000    10.000 r  clk
                         net (fo=0)                   0.000    10.000    clk
    E3                   IBUF (Prop_ibuf_I_O)         1.411    11.411 r  clk_IBUF_inst/O
                         net (fo=1, unplaced)         0.763    12.174    clk_IBUF
                         BUFG (Prop_bufg_I_O)         0.091    12.265 r  clk_IBUF_BUFG_inst/O
                         net (fo=1034, unplaced)      0.439    12.704    u_ctrl/clk
                         FDRE                                         r  u_ctrl/state_reg[2]/C
                         clock pessimism              0.116    12.820    <hidden>
                         clock uncertainty           -0.035    12.784    <hidden>
                         FDRE (Setup_fdre_C_CE)      -0.202    12.582    u_ctrl/state_reg[2]
  -------------------------------------------------------------------
                         required time                         12.582    <hidden>
                         arrival time                          -7.892    <hidden>
  -------------------------------------------------------------------
                         slack                                  4.691    <hidden>

Slack (MET) :             4.691ns  (required time - arrival time)
  Source:                 u_ctrl/wd_reg[21]/C
                            (rising edge-triggered cell FDRE clocked by sys_clk  {rise@0.000ns fall@5.000ns period=10.000ns})
  Destination:            u_ctrl/state_reg[3]/CE
                            (rising edge-triggered cell FDRE clocked by sys_clk  {rise@0.000ns fall@5.000ns period=10.000ns})
  Path Group:             sys_clk
  Path Type:              Setup (Max at Slow Process Corner)
  Requirement:            10.000ns  (sys_clk rise@10.000ns - sys_clk rise@0.000ns)
  Data Path Delay:        4.927ns  (logic 1.261ns (25.594%)  route 3.666ns (74.406%))
  Logic Levels:           5  (LUT4=1 LUT5=1 LUT6=3)
  Clock Path Skew:        -0.145ns (DCD - SCD + CPR)
    Destination Clock Delay (DCD):    2.704ns = ( 12.704 - 10.000 ) 
    Source Clock Delay      (SCD):    2.965ns
    Clock Pessimism Removal (CPR):    0.116ns
  Clock Uncertainty:      0.035ns  ((TSJ^2 + TIJ^2)^1/2 + DJ) / 2 + PE
    Total System Jitter     (TSJ):    0.071ns
    Total Input Jitter      (TIJ):    0.000ns
    Discrete Jitter          (DJ):    0.000ns
    Phase Error              (PE):    0.000ns

    Location             Delay type                Incr(ns)  Path(ns)    Netlist Resource(s)
  -------------------------------------------------------------------    -------------------
                         (clock sys_clk rise edge)    0.000     0.000 r  <hidden>
    E3                                                0.000     0.000 r  clk
                         net (fo=0)                   0.000     0.000    clk
    E3                   IBUF (Prop_ibuf_I_O)         1.482     1.482 r  clk_IBUF_inst/O
                         net (fo=1, unplaced)         0.803     2.285    clk_IBUF
                         BUFG (Prop_bufg_I_O)         0.096     2.381 r  clk_IBUF_BUFG_inst/O
                         net (fo=1034, unplaced)      0.584     2.965    u_ctrl/clk
                         FDRE                                         r  u_ctrl/wd_reg[21]/C
  -------------------------------------------------------------------    -------------------
                         FDRE (Prop_fdre_C_Q)         0.478     3.443 r  u_ctrl/wd_reg[21]/Q
                         net (fo=2, unplaced)         0.774     4.217    u_ctrl/wd_reg[21]
                         LUT4 (Prop_lut4_I1_O)        0.295     4.512 f  u_ctrl/wd[0]_i_9/O
                         net (fo=2, unplaced)         0.460     4.972    u_ctrl/wd[0]_i_9_n_0
                         LUT5 (Prop_lut5_I4_O)        0.116     5.088 f  u_ctrl/wd[0]_i_6/O
                         net (fo=1, unplaced)         0.732     5.820    u_ctrl/wd[0]_i_6_n_0
                         LUT6 (Prop_lut6_I0_O)        0.124     5.944 f  u_ctrl/wd[0]_i_4/O
                         net (fo=3, unplaced)         0.467     6.411    u_ctrl/wd[0]_i_4_n_0
                         LUT6 (Prop_lut6_I4_O)        0.124     6.535 f  u_ctrl/state[4]_i_4/O
                         net (fo=1, unplaced)         0.732     7.267    u_ctrl/state[4]_i_4_n_0
                         LUT6 (Prop_lut6_I2_O)        0.124     7.391 r  u_ctrl/state[4]_i_1/O
                         net (fo=5, unplaced)         0.501     7.892    u_ctrl/state[4]_i_1_n_0
                         FDRE                                         r  u_ctrl/state_reg[3]/CE
  -------------------------------------------------------------------    -------------------

                         (clock sys_clk rise edge)   10.000    10.000 r  <hidden>
    E3                                                0.000    10.000 r  clk
                         net (fo=0)                   0.000    10.000    clk
    E3                   IBUF (Prop_ibuf_I_O)         1.411    11.411 r  clk_IBUF_inst/O
                         net (fo=1, unplaced)         0.763    12.174    clk_IBUF
                         BUFG (Prop_bufg_I_O)         0.091    12.265 r  clk_IBUF_BUFG_inst/O
                         net (fo=1034, unplaced)      0.439    12.704    u_ctrl/clk
                         FDRE                                         r  u_ctrl/state_reg[3]/C
                         clock pessimism              0.116    12.820    <hidden>
                         clock uncertainty           -0.035    12.784    <hidden>
                         FDRE (Setup_fdre_C_CE)      -0.202    12.582    u_ctrl/state_reg[3]
  -------------------------------------------------------------------
                         required time                         12.582    <hidden>
                         arrival time                          -7.892    <hidden>
  -------------------------------------------------------------------
                         slack                                  4.691    <hidden>

Slack (MET) :             4.691ns  (required time - arrival time)
  Source:                 u_ctrl/wd_reg[21]/C
                            (rising edge-triggered cell FDRE clocked by sys_clk  {rise@0.000ns fall@5.000ns period=10.000ns})
  Destination:            u_ctrl/state_reg[4]/CE
                            (rising edge-triggered cell FDRE clocked by sys_clk  {rise@0.000ns fall@5.000ns period=10.000ns})
  Path Group:             sys_clk
  Path Type:              Setup (Max at Slow Process Corner)
  Requirement:            10.000ns  (sys_clk rise@10.000ns - sys_clk rise@0.000ns)
  Data Path Delay:        4.927ns  (logic 1.261ns (25.594%)  route 3.666ns (74.406%))
  Logic Levels:           5  (LUT4=1 LUT5=1 LUT6=3)
  Clock Path Skew:        -0.145ns (DCD - SCD + CPR)
    Destination Clock Delay (DCD):    2.704ns = ( 12.704 - 10.000 ) 
    Source Clock Delay      (SCD):    2.965ns
    Clock Pessimism Removal (CPR):    0.116ns
  Clock Uncertainty:      0.035ns  ((TSJ^2 + TIJ^2)^1/2 + DJ) / 2 + PE
    Total System Jitter     (TSJ):    0.071ns
    Total Input Jitter      (TIJ):    0.000ns
    Discrete Jitter          (DJ):    0.000ns
    Phase Error              (PE):    0.000ns

    Location             Delay type                Incr(ns)  Path(ns)    Netlist Resource(s)
  -------------------------------------------------------------------    -------------------
                         (clock sys_clk rise edge)    0.000     0.000 r  <hidden>
    E3                                                0.000     0.000 r  clk
                         net (fo=0)                   0.000     0.000    clk
    E3                   IBUF (Prop_ibuf_I_O)         1.482     1.482 r  clk_IBUF_inst/O
                         net (fo=1, unplaced)         0.803     2.285    clk_IBUF
                         BUFG (Prop_bufg_I_O)         0.096     2.381 r  clk_IBUF_BUFG_inst/O
                         net (fo=1034, unplaced)      0.584     2.965    u_ctrl/clk
                         FDRE                                         r  u_ctrl/wd_reg[21]/C
  -------------------------------------------------------------------    -------------------
                         FDRE (Prop_fdre_C_Q)         0.478     3.443 r  u_ctrl/wd_reg[21]/Q
                         net (fo=2, unplaced)         0.774     4.217    u_ctrl/wd_reg[21]
                         LUT4 (Prop_lut4_I1_O)        0.295     4.512 f  u_ctrl/wd[0]_i_9/O
                         net (fo=2, unplaced)         0.460     4.972    u_ctrl/wd[0]_i_9_n_0
                         LUT5 (Prop_lut5_I4_O)        0.116     5.088 f  u_ctrl/wd[0]_i_6/O
                         net (fo=1, unplaced)         0.732     5.820    u_ctrl/wd[0]_i_6_n_0
                         LUT6 (Prop_lut6_I0_O)        0.124     5.944 f  u_ctrl/wd[0]_i_4/O
                         net (fo=3, unplaced)         0.467     6.411    u_ctrl/wd[0]_i_4_n_0
                         LUT6 (Prop_lut6_I4_O)        0.124     6.535 f  u_ctrl/state[4]_i_4/O
                         net (fo=1, unplaced)         0.732     7.267    u_ctrl/state[4]_i_4_n_0
                         LUT6 (Prop_lut6_I2_O)        0.124     7.391 r  u_ctrl/state[4]_i_1/O
                         net (fo=5, unplaced)         0.501     7.892    u_ctrl/state[4]_i_1_n_0
                         FDRE                                         r  u_ctrl/state_reg[4]/CE
  -------------------------------------------------------------------    -------------------

                         (clock sys_clk rise edge)   10.000    10.000 r  <hidden>
    E3                                                0.000    10.000 r  clk
                         net (fo=0)                   0.000    10.000    clk
    E3                   IBUF (Prop_ibuf_I_O)         1.411    11.411 r  clk_IBUF_inst/O
                         net (fo=1, unplaced)         0.763    12.174    clk_IBUF
                         BUFG (Prop_bufg_I_O)         0.091    12.265 r  clk_IBUF_BUFG_inst/O
                         net (fo=1034, unplaced)      0.439    12.704    u_ctrl/clk
                         FDRE                                         r  u_ctrl/state_reg[4]/C
                         clock pessimism              0.116    12.820    <hidden>
                         clock uncertainty           -0.035    12.784    <hidden>
                         FDRE (Setup_fdre_C_CE)      -0.202    12.582    u_ctrl/state_reg[4]
  -------------------------------------------------------------------
                         required time                         12.582    <hidden>
                         arrival time                          -7.892    <hidden>
  -------------------------------------------------------------------
                         slack                                  4.691    <hidden>

Slack (MET) :             4.741ns  (required time - arrival time)
  Source:                 u_ctrl/ex_mask_reg[11]/C
                            (rising edge-triggered cell FDRE clocked by sys_clk  {rise@0.000ns fall@5.000ns period=10.000ns})
  Destination:            u_ctrl/ret_state_reg[0]/CE
                            (rising edge-triggered cell FDRE clocked by sys_clk  {rise@0.000ns fall@5.000ns period=10.000ns})
  Path Group:             sys_clk
  Path Type:              Setup (Max at Slow Process Corner)
  Requirement:            10.000ns  (sys_clk rise@10.000ns - sys_clk rise@0.000ns)
  Data Path Delay:        4.877ns  (logic 1.269ns (26.020%)  route 3.608ns (73.980%))
  Logic Levels:           5  (LUT2=1 LUT4=1 LUT6=3)
  Clock Path Skew:        -0.145ns (DCD - SCD + CPR)
    Destination Clock Delay (DCD):    2.704ns = ( 12.704 - 10.000 ) 
    Source Clock Delay      (SCD):    2.965ns
    Clock Pessimism Removal (CPR):    0.116ns
  Clock Uncertainty:      0.035ns  ((TSJ^2 + TIJ^2)^1/2 + DJ) / 2 + PE
    Total System Jitter     (TSJ):    0.071ns
    Total Input Jitter      (TIJ):    0.000ns
    Discrete Jitter          (DJ):    0.000ns
    Phase Error              (PE):    0.000ns

    Location             Delay type                Incr(ns)  Path(ns)    Netlist Resource(s)
  -------------------------------------------------------------------    -------------------
                         (clock sys_clk rise edge)    0.000     0.000 r  <hidden>
    E3                                                0.000     0.000 r  clk
                         net (fo=0)                   0.000     0.000    clk
    E3                   IBUF (Prop_ibuf_I_O)         1.482     1.482 r  clk_IBUF_inst/O
                         net (fo=1, unplaced)         0.803     2.285    clk_IBUF
                         BUFG (Prop_bufg_I_O)         0.096     2.381 r  clk_IBUF_BUFG_inst/O
                         net (fo=1034, unplaced)      0.584     2.965    u_ctrl/clk
                         FDRE                                         r  u_ctrl/ex_mask_reg[11]/C
  -------------------------------------------------------------------    -------------------
                         FDRE (Prop_fdre_C_Q)         0.478     3.443 r  u_ctrl/ex_mask_reg[11]/Q
                         net (fo=1, unplaced)         0.965     4.408    u_ctrl/ex_mask[11]
                         LUT6 (Prop_lut6_I0_O)        0.295     4.703 r  u_ctrl/word_idx[3]_i_10/O
                         net (fo=1, unplaced)         0.732     5.435    u_ctrl/word_idx[3]_i_10_n_0
                         LUT6 (Prop_lut6_I1_O)        0.124     5.559 f  u_ctrl/word_idx[3]_i_4/O
                         net (fo=6, unplaced)         0.481     6.040    u_ctrl/word_idx[3]_i_4_n_0
                         LUT2 (Prop_lut2_I1_O)        0.124     6.164 r  u_ctrl/tx_byte[7]_i_9/O
                         net (fo=2, unplaced)         0.460     6.624    u_ctrl/tx_byte[7]_i_9_n_0
                         LUT6 (Prop_lut6_I0_O)        0.124     6.748 f  u_ctrl/tx_byte[7]_i_4/O
                         net (fo=1, unplaced)         0.449     7.197    u_ctrl/tx_byte[7]_i_4_n_0
                         LUT4 (Prop_lut4_I3_O)        0.124     7.321 r  u_ctrl/tx_byte[7]_i_1/O
                         net (fo=12, unplaced)        0.521     7.842    u_ctrl/tx_byte[7]_i_1_n_0
                         FDRE                                         r  u_ctrl/ret_state_reg[0]/CE
  -------------------------------------------------------------------    -------------------

                         (clock sys_clk rise edge)   10.000    10.000 r  <hidden>
    E3                                                0.000    10.000 r  clk
                         net (fo=0)                   0.000    10.000    clk
    E3                   IBUF (Prop_ibuf_I_O)         1.411    11.411 r  clk_IBUF_inst/O
                         net (fo=1, unplaced)         0.763    12.174    clk_IBUF
                         BUFG (Prop_bufg_I_O)         0.091    12.265 r  clk_IBUF_BUFG_inst/O
                         net (fo=1034, unplaced)      0.439    12.704    u_ctrl/clk
                         FDRE                                         r  u_ctrl/ret_state_reg[0]/C
                         clock pessimism              0.116    12.820    <hidden>
                         clock uncertainty           -0.035    12.784    <hidden>
                         FDRE (Setup_fdre_C_CE)      -0.202    12.582    u_ctrl/ret_state_reg[0]
  -------------------------------------------------------------------
                         required time                         12.582    <hidden>
                         arrival time                          -7.842    <hidden>
  -------------------------------------------------------------------
                         slack                                  4.741    <hidden>

Slack (MET) :             4.741ns  (required time - arrival time)
  Source:                 u_ctrl/ex_mask_reg[11]/C
                            (rising edge-triggered cell FDRE clocked by sys_clk  {rise@0.000ns fall@5.000ns period=10.000ns})
  Destination:            u_ctrl/ret_state_reg[1]/CE
                            (rising edge-triggered cell FDRE clocked by sys_clk  {rise@0.000ns fall@5.000ns period=10.000ns})
  Path Group:             sys_clk
  Path Type:              Setup (Max at Slow Process Corner)
  Requirement:            10.000ns  (sys_clk rise@10.000ns - sys_clk rise@0.000ns)
  Data Path Delay:        4.877ns  (logic 1.269ns (26.020%)  route 3.608ns (73.980%))
  Logic Levels:           5  (LUT2=1 LUT4=1 LUT6=3)
  Clock Path Skew:        -0.145ns (DCD - SCD + CPR)
    Destination Clock Delay (DCD):    2.704ns = ( 12.704 - 10.000 ) 
    Source Clock Delay      (SCD):    2.965ns
    Clock Pessimism Removal (CPR):    0.116ns
  Clock Uncertainty:      0.035ns  ((TSJ^2 + TIJ^2)^1/2 + DJ) / 2 + PE
    Total System Jitter     (TSJ):    0.071ns
    Total Input Jitter      (TIJ):    0.000ns
    Discrete Jitter          (DJ):    0.000ns
    Phase Error              (PE):    0.000ns

    Location             Delay type                Incr(ns)  Path(ns)    Netlist Resource(s)
  -------------------------------------------------------------------    -------------------
                         (clock sys_clk rise edge)    0.000     0.000 r  <hidden>
    E3                                                0.000     0.000 r  clk
                         net (fo=0)                   0.000     0.000    clk
    E3                   IBUF (Prop_ibuf_I_O)         1.482     1.482 r  clk_IBUF_inst/O
                         net (fo=1, unplaced)         0.803     2.285    clk_IBUF
                         BUFG (Prop_bufg_I_O)         0.096     2.381 r  clk_IBUF_BUFG_inst/O
                         net (fo=1034, unplaced)      0.584     2.965    u_ctrl/clk
                         FDRE                                         r  u_ctrl/ex_mask_reg[11]/C
  -------------------------------------------------------------------    -------------------
                         FDRE (Prop_fdre_C_Q)         0.478     3.443 r  u_ctrl/ex_mask_reg[11]/Q
                         net (fo=1, unplaced)         0.965     4.408    u_ctrl/ex_mask[11]
                         LUT6 (Prop_lut6_I0_O)        0.295     4.703 r  u_ctrl/word_idx[3]_i_10/O
                         net (fo=1, unplaced)         0.732     5.435    u_ctrl/word_idx[3]_i_10_n_0
                         LUT6 (Prop_lut6_I1_O)        0.124     5.559 f  u_ctrl/word_idx[3]_i_4/O
                         net (fo=6, unplaced)         0.481     6.040    u_ctrl/word_idx[3]_i_4_n_0
                         LUT2 (Prop_lut2_I1_O)        0.124     6.164 r  u_ctrl/tx_byte[7]_i_9/O
                         net (fo=2, unplaced)         0.460     6.624    u_ctrl/tx_byte[7]_i_9_n_0
                         LUT6 (Prop_lut6_I0_O)        0.124     6.748 f  u_ctrl/tx_byte[7]_i_4/O
                         net (fo=1, unplaced)         0.449     7.197    u_ctrl/tx_byte[7]_i_4_n_0
                         LUT4 (Prop_lut4_I3_O)        0.124     7.321 r  u_ctrl/tx_byte[7]_i_1/O
                         net (fo=12, unplaced)        0.521     7.842    u_ctrl/tx_byte[7]_i_1_n_0
                         FDRE                                         r  u_ctrl/ret_state_reg[1]/CE
  -------------------------------------------------------------------    -------------------

                         (clock sys_clk rise edge)   10.000    10.000 r  <hidden>
    E3                                                0.000    10.000 r  clk
                         net (fo=0)                   0.000    10.000    clk
    E3                   IBUF (Prop_ibuf_I_O)         1.411    11.411 r  clk_IBUF_inst/O
                         net (fo=1, unplaced)         0.763    12.174    clk_IBUF
                         BUFG (Prop_bufg_I_O)         0.091    12.265 r  clk_IBUF_BUFG_inst/O
                         net (fo=1034, unplaced)      0.439    12.704    u_ctrl/clk
                         FDRE                                         r  u_ctrl/ret_state_reg[1]/C
                         clock pessimism              0.116    12.820    <hidden>
                         clock uncertainty           -0.035    12.784    <hidden>
                         FDRE (Setup_fdre_C_CE)      -0.202    12.582    u_ctrl/ret_state_reg[1]
  -------------------------------------------------------------------
                         required time                         12.582    <hidden>
                         arrival time                          -7.842    <hidden>
  -------------------------------------------------------------------
                         slack                                  4.741    <hidden>

Slack (MET) :             4.741ns  (required time - arrival time)
  Source:                 u_ctrl/ex_mask_reg[11]/C
                            (rising edge-triggered cell FDRE clocked by sys_clk  {rise@0.000ns fall@5.000ns period=10.000ns})
  Destination:            u_ctrl/ret_state_reg[2]/CE
                            (rising edge-triggered cell FDRE clocked by sys_clk  {rise@0.000ns fall@5.000ns period=10.000ns})
  Path Group:             sys_clk
  Path Type:              Setup (Max at Slow Process Corner)
  Requirement:            10.000ns  (sys_clk rise@10.000ns - sys_clk rise@0.000ns)
  Data Path Delay:        4.877ns  (logic 1.269ns (26.020%)  route 3.608ns (73.980%))
  Logic Levels:           5  (LUT2=1 LUT4=1 LUT6=3)
  Clock Path Skew:        -0.145ns (DCD - SCD + CPR)
    Destination Clock Delay (DCD):    2.704ns = ( 12.704 - 10.000 ) 
    Source Clock Delay      (SCD):    2.965ns
    Clock Pessimism Removal (CPR):    0.116ns
  Clock Uncertainty:      0.035ns  ((TSJ^2 + TIJ^2)^1/2 + DJ) / 2 + PE
    Total System Jitter     (TSJ):    0.071ns
    Total Input Jitter      (TIJ):    0.000ns
    Discrete Jitter          (DJ):    0.000ns
    Phase Error              (PE):    0.000ns

    Location             Delay type                Incr(ns)  Path(ns)    Netlist Resource(s)
  -------------------------------------------------------------------    -------------------
                         (clock sys_clk rise edge)    0.000     0.000 r  <hidden>
    E3                                                0.000     0.000 r  clk
                         net (fo=0)                   0.000     0.000    clk
    E3                   IBUF (Prop_ibuf_I_O)         1.482     1.482 r  clk_IBUF_inst/O
                         net (fo=1, unplaced)         0.803     2.285    clk_IBUF
                         BUFG (Prop_bufg_I_O)         0.096     2.381 r  clk_IBUF_BUFG_inst/O
                         net (fo=1034, unplaced)      0.584     2.965    u_ctrl/clk
                         FDRE                                         r  u_ctrl/ex_mask_reg[11]/C
  -------------------------------------------------------------------    -------------------
                         FDRE (Prop_fdre_C_Q)         0.478     3.443 r  u_ctrl/ex_mask_reg[11]/Q
                         net (fo=1, unplaced)         0.965     4.408    u_ctrl/ex_mask[11]
                         LUT6 (Prop_lut6_I0_O)        0.295     4.703 r  u_ctrl/word_idx[3]_i_10/O
                         net (fo=1, unplaced)         0.732     5.435    u_ctrl/word_idx[3]_i_10_n_0
                         LUT6 (Prop_lut6_I1_O)        0.124     5.559 f  u_ctrl/word_idx[3]_i_4/O
                         net (fo=6, unplaced)         0.481     6.040    u_ctrl/word_idx[3]_i_4_n_0
                         LUT2 (Prop_lut2_I1_O)        0.124     6.164 r  u_ctrl/tx_byte[7]_i_9/O
                         net (fo=2, unplaced)         0.460     6.624    u_ctrl/tx_byte[7]_i_9_n_0
                         LUT6 (Prop_lut6_I0_O)        0.124     6.748 f  u_ctrl/tx_byte[7]_i_4/O
                         net (fo=1, unplaced)         0.449     7.197    u_ctrl/tx_byte[7]_i_4_n_0
                         LUT4 (Prop_lut4_I3_O)        0.124     7.321 r  u_ctrl/tx_byte[7]_i_1/O
                         net (fo=12, unplaced)        0.521     7.842    u_ctrl/tx_byte[7]_i_1_n_0
                         FDRE                                         r  u_ctrl/ret_state_reg[2]/CE
  -------------------------------------------------------------------    -------------------

                         (clock sys_clk rise edge)   10.000    10.000 r  <hidden>
    E3                                                0.000    10.000 r  clk
                         net (fo=0)                   0.000    10.000    clk
    E3                   IBUF (Prop_ibuf_I_O)         1.411    11.411 r  clk_IBUF_inst/O
                         net (fo=1, unplaced)         0.763    12.174    clk_IBUF
                         BUFG (Prop_bufg_I_O)         0.091    12.265 r  clk_IBUF_BUFG_inst/O
                         net (fo=1034, unplaced)      0.439    12.704    u_ctrl/clk
                         FDRE                                         r  u_ctrl/ret_state_reg[2]/C
                         clock pessimism              0.116    12.820    <hidden>
                         clock uncertainty           -0.035    12.784    <hidden>
                         FDRE (Setup_fdre_C_CE)      -0.202    12.582    u_ctrl/ret_state_reg[2]
  -------------------------------------------------------------------
                         required time                         12.582    <hidden>
                         arrival time                          -7.842    <hidden>
  -------------------------------------------------------------------
                         slack                                  4.741    <hidden>

Slack (MET) :             4.741ns  (required time - arrival time)
  Source:                 u_ctrl/ex_mask_reg[11]/C
                            (rising edge-triggered cell FDRE clocked by sys_clk  {rise@0.000ns fall@5.000ns period=10.000ns})
  Destination:            u_ctrl/ret_state_reg[3]/CE
                            (rising edge-triggered cell FDRE clocked by sys_clk  {rise@0.000ns fall@5.000ns period=10.000ns})
  Path Group:             sys_clk
  Path Type:              Setup (Max at Slow Process Corner)
  Requirement:            10.000ns  (sys_clk rise@10.000ns - sys_clk rise@0.000ns)
  Data Path Delay:        4.877ns  (logic 1.269ns (26.020%)  route 3.608ns (73.980%))
  Logic Levels:           5  (LUT2=1 LUT4=1 LUT6=3)
  Clock Path Skew:        -0.145ns (DCD - SCD + CPR)
    Destination Clock Delay (DCD):    2.704ns = ( 12.704 - 10.000 ) 
    Source Clock Delay      (SCD):    2.965ns
    Clock Pessimism Removal (CPR):    0.116ns
  Clock Uncertainty:      0.035ns  ((TSJ^2 + TIJ^2)^1/2 + DJ) / 2 + PE
    Total System Jitter     (TSJ):    0.071ns
    Total Input Jitter      (TIJ):    0.000ns
    Discrete Jitter          (DJ):    0.000ns
    Phase Error              (PE):    0.000ns

    Location             Delay type                Incr(ns)  Path(ns)    Netlist Resource(s)
  -------------------------------------------------------------------    -------------------
                         (clock sys_clk rise edge)    0.000     0.000 r  <hidden>
    E3                                                0.000     0.000 r  clk
                         net (fo=0)                   0.000     0.000    clk
    E3                   IBUF (Prop_ibuf_I_O)         1.482     1.482 r  clk_IBUF_inst/O
                         net (fo=1, unplaced)         0.803     2.285    clk_IBUF
                         BUFG (Prop_bufg_I_O)         0.096     2.381 r  clk_IBUF_BUFG_inst/O
                         net (fo=1034, unplaced)      0.584     2.965    u_ctrl/clk
                         FDRE                                         r  u_ctrl/ex_mask_reg[11]/C
  -------------------------------------------------------------------    -------------------
                         FDRE (Prop_fdre_C_Q)         0.478     3.443 r  u_ctrl/ex_mask_reg[11]/Q
                         net (fo=1, unplaced)         0.965     4.408    u_ctrl/ex_mask[11]
                         LUT6 (Prop_lut6_I0_O)        0.295     4.703 r  u_ctrl/word_idx[3]_i_10/O
                         net (fo=1, unplaced)         0.732     5.435    u_ctrl/word_idx[3]_i_10_n_0
                         LUT6 (Prop_lut6_I1_O)        0.124     5.559 f  u_ctrl/word_idx[3]_i_4/O
                         net (fo=6, unplaced)         0.481     6.040    u_ctrl/word_idx[3]_i_4_n_0
                         LUT2 (Prop_lut2_I1_O)        0.124     6.164 r  u_ctrl/tx_byte[7]_i_9/O
                         net (fo=2, unplaced)         0.460     6.624    u_ctrl/tx_byte[7]_i_9_n_0
                         LUT6 (Prop_lut6_I0_O)        0.124     6.748 f  u_ctrl/tx_byte[7]_i_4/O
                         net (fo=1, unplaced)         0.449     7.197    u_ctrl/tx_byte[7]_i_4_n_0
                         LUT4 (Prop_lut4_I3_O)        0.124     7.321 r  u_ctrl/tx_byte[7]_i_1/O
                         net (fo=12, unplaced)        0.521     7.842    u_ctrl/tx_byte[7]_i_1_n_0
                         FDRE                                         r  u_ctrl/ret_state_reg[3]/CE
  -------------------------------------------------------------------    -------------------

                         (clock sys_clk rise edge)   10.000    10.000 r  <hidden>
    E3                                                0.000    10.000 r  clk
                         net (fo=0)                   0.000    10.000    clk
    E3                   IBUF (Prop_ibuf_I_O)         1.411    11.411 r  clk_IBUF_inst/O
                         net (fo=1, unplaced)         0.763    12.174    clk_IBUF
                         BUFG (Prop_bufg_I_O)         0.091    12.265 r  clk_IBUF_BUFG_inst/O
                         net (fo=1034, unplaced)      0.439    12.704    u_ctrl/clk
                         FDRE                                         r  u_ctrl/ret_state_reg[3]/C
                         clock pessimism              0.116    12.820    <hidden>
                         clock uncertainty           -0.035    12.784    <hidden>
                         FDRE (Setup_fdre_C_CE)      -0.202    12.582    u_ctrl/ret_state_reg[3]
  -------------------------------------------------------------------
                         required time                         12.582    <hidden>
                         arrival time                          -7.842    <hidden>
  -------------------------------------------------------------------
                         slack                                  4.741    <hidden>

Slack (MET) :             4.741ns  (required time - arrival time)
  Source:                 u_ctrl/ex_mask_reg[11]/C
                            (rising edge-triggered cell FDRE clocked by sys_clk  {rise@0.000ns fall@5.000ns period=10.000ns})
  Destination:            u_ctrl/tx_byte_reg[0]/CE
                            (rising edge-triggered cell FDRE clocked by sys_clk  {rise@0.000ns fall@5.000ns period=10.000ns})
  Path Group:             sys_clk
  Path Type:              Setup (Max at Slow Process Corner)
  Requirement:            10.000ns  (sys_clk rise@10.000ns - sys_clk rise@0.000ns)
  Data Path Delay:        4.877ns  (logic 1.269ns (26.020%)  route 3.608ns (73.980%))
  Logic Levels:           5  (LUT2=1 LUT4=1 LUT6=3)
  Clock Path Skew:        -0.145ns (DCD - SCD + CPR)
    Destination Clock Delay (DCD):    2.704ns = ( 12.704 - 10.000 ) 
    Source Clock Delay      (SCD):    2.965ns
    Clock Pessimism Removal (CPR):    0.116ns
  Clock Uncertainty:      0.035ns  ((TSJ^2 + TIJ^2)^1/2 + DJ) / 2 + PE
    Total System Jitter     (TSJ):    0.071ns
    Total Input Jitter      (TIJ):    0.000ns
    Discrete Jitter          (DJ):    0.000ns
    Phase Error              (PE):    0.000ns

    Location             Delay type                Incr(ns)  Path(ns)    Netlist Resource(s)
  -------------------------------------------------------------------    -------------------
                         (clock sys_clk rise edge)    0.000     0.000 r  <hidden>
    E3                                                0.000     0.000 r  clk
                         net (fo=0)                   0.000     0.000    clk
    E3                   IBUF (Prop_ibuf_I_O)         1.482     1.482 r  clk_IBUF_inst/O
                         net (fo=1, unplaced)         0.803     2.285    clk_IBUF
                         BUFG (Prop_bufg_I_O)         0.096     2.381 r  clk_IBUF_BUFG_inst/O
                         net (fo=1034, unplaced)      0.584     2.965    u_ctrl/clk
                         FDRE                                         r  u_ctrl/ex_mask_reg[11]/C
  -------------------------------------------------------------------    -------------------
                         FDRE (Prop_fdre_C_Q)         0.478     3.443 r  u_ctrl/ex_mask_reg[11]/Q
                         net (fo=1, unplaced)         0.965     4.408    u_ctrl/ex_mask[11]
                         LUT6 (Prop_lut6_I0_O)        0.295     4.703 r  u_ctrl/word_idx[3]_i_10/O
                         net (fo=1, unplaced)         0.732     5.435    u_ctrl/word_idx[3]_i_10_n_0
                         LUT6 (Prop_lut6_I1_O)        0.124     5.559 f  u_ctrl/word_idx[3]_i_4/O
                         net (fo=6, unplaced)         0.481     6.040    u_ctrl/word_idx[3]_i_4_n_0
                         LUT2 (Prop_lut2_I1_O)        0.124     6.164 r  u_ctrl/tx_byte[7]_i_9/O
                         net (fo=2, unplaced)         0.460     6.624    u_ctrl/tx_byte[7]_i_9_n_0
                         LUT6 (Prop_lut6_I0_O)        0.124     6.748 f  u_ctrl/tx_byte[7]_i_4/O
                         net (fo=1, unplaced)         0.449     7.197    u_ctrl/tx_byte[7]_i_4_n_0
                         LUT4 (Prop_lut4_I3_O)        0.124     7.321 r  u_ctrl/tx_byte[7]_i_1/O
                         net (fo=12, unplaced)        0.521     7.842    u_ctrl/tx_byte[7]_i_1_n_0
                         FDRE                                         r  u_ctrl/tx_byte_reg[0]/CE
  -------------------------------------------------------------------    -------------------

                         (clock sys_clk rise edge)   10.000    10.000 r  <hidden>
    E3                                                0.000    10.000 r  clk
                         net (fo=0)                   0.000    10.000    clk
    E3                   IBUF (Prop_ibuf_I_O)         1.411    11.411 r  clk_IBUF_inst/O
                         net (fo=1, unplaced)         0.763    12.174    clk_IBUF
                         BUFG (Prop_bufg_I_O)         0.091    12.265 r  clk_IBUF_BUFG_inst/O
                         net (fo=1034, unplaced)      0.439    12.704    u_ctrl/clk
                         FDRE                                         r  u_ctrl/tx_byte_reg[0]/C
                         clock pessimism              0.116    12.820    <hidden>
                         clock uncertainty           -0.035    12.784    <hidden>
                         FDRE (Setup_fdre_C_CE)      -0.202    12.582    u_ctrl/tx_byte_reg[0]
  -------------------------------------------------------------------
                         required time                         12.582    <hidden>
                         arrival time                          -7.842    <hidden>
  -------------------------------------------------------------------
                         slack                                  4.741    <hidden>





Min Delay Paths
--------------------------------------------------------------------------------------
Slack (MET) :             0.143ns  (arrival time - required time)
  Source:                 u_ctrl/tx_start_reg/C
                            (rising edge-triggered cell FDRE clocked by sys_clk  {rise@0.000ns fall@5.000ns period=10.000ns})
  Destination:            u_tx/tx_busy_reg/D
                            (rising edge-triggered cell FDRE clocked by sys_clk  {rise@0.000ns fall@5.000ns period=10.000ns})
  Path Group:             sys_clk
  Path Type:              Hold (Min at Fast Process Corner)
  Requirement:            0.000ns  (sys_clk rise@0.000ns - sys_clk rise@0.000ns)
  Data Path Delay:        0.387ns  (logic 0.248ns (64.136%)  route 0.139ns (35.864%))
  Logic Levels:           1  (LUT4=1)
  Clock Path Skew:        0.145ns (DCD - SCD - CPR)
    Destination Clock Delay (DCD):    1.082ns
    Source Clock Delay      (SCD):    0.728ns
    Clock Pessimism Removal (CPR):    0.209ns

    Location             Delay type                Incr(ns)  Path(ns)    Netlist Resource(s)
  -------------------------------------------------------------------    -------------------
                         (clock sys_clk rise edge)    0.000     0.000 r  <hidden>
    E3                                                0.000     0.000 r  clk
                         net (fo=0)                   0.000     0.000    clk
    E3                   IBUF (Prop_ibuf_I_O)         0.250     0.250 r  clk_IBUF_inst/O
                         net (fo=1, unplaced)         0.338     0.588    clk_IBUF
                         BUFG (Prop_bufg_I_O)         0.026     0.614 r  clk_IBUF_BUFG_inst/O
                         net (fo=1034, unplaced)      0.114     0.728    u_ctrl/clk
                         FDRE                                         r  u_ctrl/tx_start_reg/C
  -------------------------------------------------------------------    -------------------
                         FDRE (Prop_fdre_C_Q)         0.147     0.875 r  u_ctrl/tx_start_reg/Q
                         net (fo=3, unplaced)         0.139     1.014    u_tx/tx_start
                         LUT4 (Prop_lut4_I3_O)        0.101     1.115 r  u_tx/tx_busy_i_1/O
                         net (fo=1, unplaced)         0.000     1.115    u_tx/tx_busy_i_1_n_0
                         FDRE                                         r  u_tx/tx_busy_reg/D
  -------------------------------------------------------------------    -------------------

                         (clock sys_clk rise edge)    0.000     0.000 r  <hidden>
    E3                                                0.000     0.000 r  clk
                         net (fo=0)                   0.000     0.000    clk
    E3                   IBUF (Prop_ibuf_I_O)         0.438     0.438 r  clk_IBUF_inst/O
                         net (fo=1, unplaced)         0.356     0.794    clk_IBUF
                         BUFG (Prop_bufg_I_O)         0.029     0.823 r  clk_IBUF_BUFG_inst/O
                         net (fo=1034, unplaced)      0.259     1.082    u_tx/clk
                         FDRE                                         r  u_tx/tx_busy_reg/C
                         clock pessimism             -0.209     0.873    <hidden>
                         FDRE (Hold_fdre_C_D)         0.099     0.972    u_tx/tx_busy_reg
  -------------------------------------------------------------------
                         required time                         -0.972    <hidden>
                         arrival time                           1.115    <hidden>
  -------------------------------------------------------------------
                         slack                                  0.143    <hidden>

Slack (MET) :             0.145ns  (arrival time - required time)
  Source:                 u_tx/tx_busy_reg/C
                            (rising edge-triggered cell FDRE clocked by sys_clk  {rise@0.000ns fall@5.000ns period=10.000ns})
  Destination:            u_ctrl/tx_start_reg/D
                            (rising edge-triggered cell FDRE clocked by sys_clk  {rise@0.000ns fall@5.000ns period=10.000ns})
  Path Group:             sys_clk
  Path Type:              Hold (Min at Fast Process Corner)
  Requirement:            0.000ns  (sys_clk rise@0.000ns - sys_clk rise@0.000ns)
  Data Path Delay:        0.389ns  (logic 0.248ns (63.719%)  route 0.141ns (36.281%))
  Logic Levels:           1  (LUT3=1)
  Clock Path Skew:        0.145ns (DCD - SCD - CPR)
    Destination Clock Delay (DCD):    1.082ns
    Source Clock Delay      (SCD):    0.728ns
    Clock Pessimism Removal (CPR):    0.209ns

    Location             Delay type                Incr(ns)  Path(ns)    Netlist Resource(s)
  -------------------------------------------------------------------    -------------------
                         (clock sys_clk rise edge)    0.000     0.000 r  <hidden>
    E3                                                0.000     0.000 r  clk
                         net (fo=0)                   0.000     0.000    clk
    E3                   IBUF (Prop_ibuf_I_O)         0.250     0.250 r  clk_IBUF_inst/O
                         net (fo=1, unplaced)         0.338     0.588    clk_IBUF
                         BUFG (Prop_bufg_I_O)         0.026     0.614 r  clk_IBUF_BUFG_inst/O
                         net (fo=1034, unplaced)      0.114     0.728    u_tx/clk
                         FDRE                                         r  u_tx/tx_busy_reg/C
  -------------------------------------------------------------------    -------------------
                         FDRE (Prop_fdre_C_Q)         0.147     0.875 f  u_tx/tx_busy_reg/Q
                         net (fo=4, unplaced)         0.141     1.016    u_ctrl/tx_busy
                         LUT3 (Prop_lut3_I2_O)        0.101     1.117 r  u_ctrl/tx_start_i_1/O
                         net (fo=1, unplaced)         0.000     1.117    u_ctrl/tx_start_i_1_n_0
                         FDRE                                         r  u_ctrl/tx_start_reg/D
  -------------------------------------------------------------------    -------------------

                         (clock sys_clk rise edge)    0.000     0.000 r  <hidden>
    E3                                                0.000     0.000 r  clk
                         net (fo=0)                   0.000     0.000    clk
    E3                   IBUF (Prop_ibuf_I_O)         0.438     0.438 r  clk_IBUF_inst/O
                         net (fo=1, unplaced)         0.356     0.794    clk_IBUF
                         BUFG (Prop_bufg_I_O)         0.029     0.823 r  clk_IBUF_BUFG_inst/O
                         net (fo=1034, unplaced)      0.259     1.082    u_ctrl/clk
                         FDRE                                         r  u_ctrl/tx_start_reg/C
                         clock pessimism             -0.209     0.873    <hidden>
                         FDRE (Hold_fdre_C_D)         0.099     0.972    u_ctrl/tx_start_reg
  -------------------------------------------------------------------
                         required time                         -0.972    <hidden>
                         arrival time                           1.117    <hidden>
  -------------------------------------------------------------------
                         slack                                  0.145    <hidden>

Slack (MET) :             0.151ns  (arrival time - required time)
  Source:                 u_tx/clk_cnt_reg[0]/C
                            (rising edge-triggered cell FDRE clocked by sys_clk  {rise@0.000ns fall@5.000ns period=10.000ns})
  Destination:            u_tx/clk_cnt_reg[0]/D
                            (rising edge-triggered cell FDRE clocked by sys_clk  {rise@0.000ns fall@5.000ns period=10.000ns})
  Path Group:             sys_clk
  Path Type:              Hold (Min at Fast Process Corner)
  Requirement:            0.000ns  (sys_clk rise@0.000ns - sys_clk rise@0.000ns)
  Data Path Delay:        0.395ns  (logic 0.248ns (62.767%)  route 0.147ns (37.233%))
  Logic Levels:           1  (LUT3=1)
  Clock Path Skew:        0.145ns (DCD - SCD - CPR)
    Destination Clock Delay (DCD):    1.082ns
    Source Clock Delay      (SCD):    0.728ns
    Clock Pessimism Removal (CPR):    0.209ns

    Location             Delay type                Incr(ns)  Path(ns)    Netlist Resource(s)
  -------------------------------------------------------------------    -------------------
                         (clock sys_clk rise edge)    0.000     0.000 r  <hidden>
    E3                                                0.000     0.000 r  clk
                         net (fo=0)                   0.000     0.000    clk
    E3                   IBUF (Prop_ibuf_I_O)         0.250     0.250 r  clk_IBUF_inst/O
                         net (fo=1, unplaced)         0.338     0.588    clk_IBUF
                         BUFG (Prop_bufg_I_O)         0.026     0.614 r  clk_IBUF_BUFG_inst/O
                         net (fo=1034, unplaced)      0.114     0.728    u_tx/clk
                         FDRE                                         r  u_tx/clk_cnt_reg[0]/C
  -------------------------------------------------------------------    -------------------
                         FDRE (Prop_fdre_C_Q)         0.147     0.875 f  u_tx/clk_cnt_reg[0]/Q
                         net (fo=8, unplaced)         0.147     1.022    u_tx/clk_cnt_reg_n_0_[0]
                         LUT3 (Prop_lut3_I2_O)        0.101     1.123 r  u_tx/clk_cnt[0]_i_1/O
                         net (fo=1, unplaced)         0.000     1.123    u_tx/clk_cnt[0]_i_1_n_0
                         FDRE                                         r  u_tx/clk_cnt_reg[0]/D
  -------------------------------------------------------------------    -------------------

                         (clock sys_clk rise edge)    0.000     0.000 r  <hidden>
    E3                                                0.000     0.000 r  clk
                         net (fo=0)                   0.000     0.000    clk
    E3                   IBUF (Prop_ibuf_I_O)         0.438     0.438 r  clk_IBUF_inst/O
                         net (fo=1, unplaced)         0.356     0.794    clk_IBUF
                         BUFG (Prop_bufg_I_O)         0.029     0.823 r  clk_IBUF_BUFG_inst/O
                         net (fo=1034, unplaced)      0.259     1.082    u_tx/clk
                         FDRE                                         r  u_tx/clk_cnt_reg[0]/C
                         clock pessimism             -0.209     0.873    <hidden>
                         FDRE (Hold_fdre_C_D)         0.099     0.972    u_tx/clk_cnt_reg[0]
  -------------------------------------------------------------------
                         required time                         -0.972    <hidden>
                         arrival time                           1.123    <hidden>
  -------------------------------------------------------------------
                         slack                                  0.151    <hidden>

Slack (MET) :             0.152ns  (arrival time - required time)
  Source:                 rst_s1_reg/C
                            (rising edge-triggered cell FDRE clocked by sys_clk  {rise@0.000ns fall@5.000ns period=10.000ns})
  Destination:            rst_s2_reg/D
                            (rising edge-triggered cell FDRE clocked by sys_clk  {rise@0.000ns fall@5.000ns period=10.000ns})
  Path Group:             sys_clk
  Path Type:              Hold (Min at Fast Process Corner)
  Requirement:            0.000ns  (sys_clk rise@0.000ns - sys_clk rise@0.000ns)
  Data Path Delay:        0.288ns  (logic 0.147ns (51.079%)  route 0.141ns (48.921%))
  Logic Levels:           0  
  Clock Path Skew:        0.145ns (DCD - SCD - CPR)
    Destination Clock Delay (DCD):    1.082ns
    Source Clock Delay      (SCD):    0.728ns
    Clock Pessimism Removal (CPR):    0.209ns

    Location             Delay type                Incr(ns)  Path(ns)    Netlist Resource(s)
  -------------------------------------------------------------------    -------------------
                         (clock sys_clk rise edge)    0.000     0.000 r  <hidden>
    E3                                                0.000     0.000 r  clk
                         net (fo=0)                   0.000     0.000    clk
    E3                   IBUF (Prop_ibuf_I_O)         0.250     0.250 r  clk_IBUF_inst/O
                         net (fo=1, unplaced)         0.338     0.588    clk_IBUF
                         BUFG (Prop_bufg_I_O)         0.026     0.614 r  clk_IBUF_BUFG_inst/O
                         net (fo=1034, unplaced)      0.114     0.728    clk_IBUF_BUFG
                         FDRE                                         r  rst_s1_reg/C
  -------------------------------------------------------------------    -------------------
                         FDRE (Prop_fdre_C_Q)         0.147     0.875 r  rst_s1_reg/Q
                         net (fo=1, unplaced)         0.141     1.016    rst_s1
                         FDRE                                         r  rst_s2_reg/D
  -------------------------------------------------------------------    -------------------

                         (clock sys_clk rise edge)    0.000     0.000 r  <hidden>
    E3                                                0.000     0.000 r  clk
                         net (fo=0)                   0.000     0.000    clk
    E3                   IBUF (Prop_ibuf_I_O)         0.438     0.438 r  clk_IBUF_inst/O
                         net (fo=1, unplaced)         0.356     0.794    clk_IBUF
                         BUFG (Prop_bufg_I_O)         0.029     0.823 r  clk_IBUF_BUFG_inst/O
                         net (fo=1034, unplaced)      0.259     1.082    clk_IBUF_BUFG
                         FDRE                                         r  rst_s2_reg/C
                         clock pessimism             -0.209     0.873    <hidden>
                         FDRE (Hold_fdre_C_D)        -0.009     0.864    rst_s2_reg
  -------------------------------------------------------------------
                         required time                         -0.864    <hidden>
                         arrival time                           1.016    <hidden>
  -------------------------------------------------------------------
                         slack                                  0.152    <hidden>

Slack (MET) :             0.152ns  (arrival time - required time)
  Source:                 u_rx/data_r_reg[0]/C
                            (rising edge-triggered cell FDRE clocked by sys_clk  {rise@0.000ns fall@5.000ns period=10.000ns})
  Destination:            u_rx/rx_data_reg[0]/D
                            (rising edge-triggered cell FDRE clocked by sys_clk  {rise@0.000ns fall@5.000ns period=10.000ns})
  Path Group:             sys_clk
  Path Type:              Hold (Min at Fast Process Corner)
  Requirement:            0.000ns  (sys_clk rise@0.000ns - sys_clk rise@0.000ns)
  Data Path Delay:        0.288ns  (logic 0.147ns (51.079%)  route 0.141ns (48.921%))
  Logic Levels:           0  
  Clock Path Skew:        0.145ns (DCD - SCD - CPR)
    Destination Clock Delay (DCD):    1.082ns
    Source Clock Delay      (SCD):    0.728ns
    Clock Pessimism Removal (CPR):    0.209ns

    Location             Delay type                Incr(ns)  Path(ns)    Netlist Resource(s)
  -------------------------------------------------------------------    -------------------
                         (clock sys_clk rise edge)    0.000     0.000 r  <hidden>
    E3                                                0.000     0.000 r  clk
                         net (fo=0)                   0.000     0.000    clk
    E3                   IBUF (Prop_ibuf_I_O)         0.250     0.250 r  clk_IBUF_inst/O
                         net (fo=1, unplaced)         0.338     0.588    clk_IBUF
                         BUFG (Prop_bufg_I_O)         0.026     0.614 r  clk_IBUF_BUFG_inst/O
                         net (fo=1034, unplaced)      0.114     0.728    u_rx/clk
                         FDRE                                         r  u_rx/data_r_reg[0]/C
  -------------------------------------------------------------------    -------------------
                         FDRE (Prop_fdre_C_Q)         0.147     0.875 r  u_rx/data_r_reg[0]/Q
                         net (fo=1, unplaced)         0.141     1.016    u_rx/data_r[0]
                         FDRE                                         r  u_rx/rx_data_reg[0]/D
  -------------------------------------------------------------------    -------------------

                         (clock sys_clk rise edge)    0.000     0.000 r  <hidden>
    E3                                                0.000     0.000 r  clk
                         net (fo=0)                   0.000     0.000    clk
    E3                   IBUF (Prop_ibuf_I_O)         0.438     0.438 r  clk_IBUF_inst/O
                         net (fo=1, unplaced)         0.356     0.794    clk_IBUF
                         BUFG (Prop_bufg_I_O)         0.029     0.823 r  clk_IBUF_BUFG_inst/O
                         net (fo=1034, unplaced)      0.259     1.082    u_rx/clk
                         FDRE                                         r  u_rx/rx_data_reg[0]/C
                         clock pessimism             -0.209     0.873    <hidden>
                         FDRE (Hold_fdre_C_D)        -0.009     0.864    u_rx/rx_data_reg[0]
  -------------------------------------------------------------------
                         required time                         -0.864    <hidden>
                         arrival time                           1.016    <hidden>
  -------------------------------------------------------------------
                         slack                                  0.152    <hidden>

Slack (MET) :             0.152ns  (arrival time - required time)
  Source:                 u_rx/rx_s1_reg/C
                            (rising edge-triggered cell FDRE clocked by sys_clk  {rise@0.000ns fall@5.000ns period=10.000ns})
  Destination:            u_rx/rx_s2_reg/D
                            (rising edge-triggered cell FDRE clocked by sys_clk  {rise@0.000ns fall@5.000ns period=10.000ns})
  Path Group:             sys_clk
  Path Type:              Hold (Min at Fast Process Corner)
  Requirement:            0.000ns  (sys_clk rise@0.000ns - sys_clk rise@0.000ns)
  Data Path Delay:        0.288ns  (logic 0.147ns (51.079%)  route 0.141ns (48.921%))
  Logic Levels:           0  
  Clock Path Skew:        0.145ns (DCD - SCD - CPR)
    Destination Clock Delay (DCD):    1.082ns
    Source Clock Delay      (SCD):    0.728ns
    Clock Pessimism Removal (CPR):    0.209ns

    Location             Delay type                Incr(ns)  Path(ns)    Netlist Resource(s)
  -------------------------------------------------------------------    -------------------
                         (clock sys_clk rise edge)    0.000     0.000 r  <hidden>
    E3                                                0.000     0.000 r  clk
                         net (fo=0)                   0.000     0.000    clk
    E3                   IBUF (Prop_ibuf_I_O)         0.250     0.250 r  clk_IBUF_inst/O
                         net (fo=1, unplaced)         0.338     0.588    clk_IBUF
                         BUFG (Prop_bufg_I_O)         0.026     0.614 r  clk_IBUF_BUFG_inst/O
                         net (fo=1034, unplaced)      0.114     0.728    u_rx/clk
                         FDRE                                         r  u_rx/rx_s1_reg/C
  -------------------------------------------------------------------    -------------------
                         FDRE (Prop_fdre_C_Q)         0.147     0.875 r  u_rx/rx_s1_reg/Q
                         net (fo=1, unplaced)         0.141     1.016    u_rx/rx_s1
                         FDRE                                         r  u_rx/rx_s2_reg/D
  -------------------------------------------------------------------    -------------------

                         (clock sys_clk rise edge)    0.000     0.000 r  <hidden>
    E3                                                0.000     0.000 r  clk
                         net (fo=0)                   0.000     0.000    clk
    E3                   IBUF (Prop_ibuf_I_O)         0.438     0.438 r  clk_IBUF_inst/O
                         net (fo=1, unplaced)         0.356     0.794    clk_IBUF
                         BUFG (Prop_bufg_I_O)         0.029     0.823 r  clk_IBUF_BUFG_inst/O
                         net (fo=1034, unplaced)      0.259     1.082    u_rx/clk
                         FDRE                                         r  u_rx/rx_s2_reg/C
                         clock pessimism             -0.209     0.873    <hidden>
                         FDRE (Hold_fdre_C_D)        -0.009     0.864    u_rx/rx_s2_reg
  -------------------------------------------------------------------
                         required time                         -0.864    <hidden>
                         arrival time                           1.016    <hidden>
  -------------------------------------------------------------------
                         slack                                  0.152    <hidden>

Slack (MET) :             0.152ns  (arrival time - required time)
  Source:                 u_ctrl/tx_byte_reg[0]/C
                            (rising edge-triggered cell FDRE clocked by sys_clk  {rise@0.000ns fall@5.000ns period=10.000ns})
  Destination:            u_tx/data_r_reg[0]/D
                            (rising edge-triggered cell FDRE clocked by sys_clk  {rise@0.000ns fall@5.000ns period=10.000ns})
  Path Group:             sys_clk
  Path Type:              Hold (Min at Fast Process Corner)
  Requirement:            0.000ns  (sys_clk rise@0.000ns - sys_clk rise@0.000ns)
  Data Path Delay:        0.288ns  (logic 0.147ns (51.079%)  route 0.141ns (48.921%))
  Logic Levels:           0  
  Clock Path Skew:        0.145ns (DCD - SCD - CPR)
    Destination Clock Delay (DCD):    1.082ns
    Source Clock Delay      (SCD):    0.728ns
    Clock Pessimism Removal (CPR):    0.209ns

    Location             Delay type                Incr(ns)  Path(ns)    Netlist Resource(s)
  -------------------------------------------------------------------    -------------------
                         (clock sys_clk rise edge)    0.000     0.000 r  <hidden>
    E3                                                0.000     0.000 r  clk
                         net (fo=0)                   0.000     0.000    clk
    E3                   IBUF (Prop_ibuf_I_O)         0.250     0.250 r  clk_IBUF_inst/O
                         net (fo=1, unplaced)         0.338     0.588    clk_IBUF
                         BUFG (Prop_bufg_I_O)         0.026     0.614 r  clk_IBUF_BUFG_inst/O
                         net (fo=1034, unplaced)      0.114     0.728    u_ctrl/clk
                         FDRE                                         r  u_ctrl/tx_byte_reg[0]/C
  -------------------------------------------------------------------    -------------------
                         FDRE (Prop_fdre_C_Q)         0.147     0.875 r  u_ctrl/tx_byte_reg[0]/Q
                         net (fo=1, unplaced)         0.141     1.016    u_tx/tx_data[0]
                         FDRE                                         r  u_tx/data_r_reg[0]/D
  -------------------------------------------------------------------    -------------------

                         (clock sys_clk rise edge)    0.000     0.000 r  <hidden>
    E3                                                0.000     0.000 r  clk
                         net (fo=0)                   0.000     0.000    clk
    E3                   IBUF (Prop_ibuf_I_O)         0.438     0.438 r  clk_IBUF_inst/O
                         net (fo=1, unplaced)         0.356     0.794    clk_IBUF
                         BUFG (Prop_bufg_I_O)         0.029     0.823 r  clk_IBUF_BUFG_inst/O
                         net (fo=1034, unplaced)      0.259     1.082    u_tx/clk
                         FDRE                                         r  u_tx/data_r_reg[0]/C
                         clock pessimism             -0.209     0.873    <hidden>
                         FDRE (Hold_fdre_C_D)        -0.009     0.864    u_tx/data_r_reg[0]
  -------------------------------------------------------------------
                         required time                         -0.864    <hidden>
                         arrival time                           1.016    <hidden>
  -------------------------------------------------------------------
                         slack                                  0.152    <hidden>

Slack (MET) :             0.152ns  (arrival time - required time)
  Source:                 u_ctrl/tx_byte_reg[1]/C
                            (rising edge-triggered cell FDRE clocked by sys_clk  {rise@0.000ns fall@5.000ns period=10.000ns})
  Destination:            u_tx/data_r_reg[1]/D
                            (rising edge-triggered cell FDRE clocked by sys_clk  {rise@0.000ns fall@5.000ns period=10.000ns})
  Path Group:             sys_clk
  Path Type:              Hold (Min at Fast Process Corner)
  Requirement:            0.000ns  (sys_clk rise@0.000ns - sys_clk rise@0.000ns)
  Data Path Delay:        0.288ns  (logic 0.147ns (51.079%)  route 0.141ns (48.921%))
  Logic Levels:           0  
  Clock Path Skew:        0.145ns (DCD - SCD - CPR)
    Destination Clock Delay (DCD):    1.082ns
    Source Clock Delay      (SCD):    0.728ns
    Clock Pessimism Removal (CPR):    0.209ns

    Location             Delay type                Incr(ns)  Path(ns)    Netlist Resource(s)
  -------------------------------------------------------------------    -------------------
                         (clock sys_clk rise edge)    0.000     0.000 r  <hidden>
    E3                                                0.000     0.000 r  clk
                         net (fo=0)                   0.000     0.000    clk
    E3                   IBUF (Prop_ibuf_I_O)         0.250     0.250 r  clk_IBUF_inst/O
                         net (fo=1, unplaced)         0.338     0.588    clk_IBUF
                         BUFG (Prop_bufg_I_O)         0.026     0.614 r  clk_IBUF_BUFG_inst/O
                         net (fo=1034, unplaced)      0.114     0.728    u_ctrl/clk
                         FDRE                                         r  u_ctrl/tx_byte_reg[1]/C
  -------------------------------------------------------------------    -------------------
                         FDRE (Prop_fdre_C_Q)         0.147     0.875 r  u_ctrl/tx_byte_reg[1]/Q
                         net (fo=1, unplaced)         0.141     1.016    u_tx/tx_data[1]
                         FDRE                                         r  u_tx/data_r_reg[1]/D
  -------------------------------------------------------------------    -------------------

                         (clock sys_clk rise edge)    0.000     0.000 r  <hidden>
    E3                                                0.000     0.000 r  clk
                         net (fo=0)                   0.000     0.000    clk
    E3                   IBUF (Prop_ibuf_I_O)         0.438     0.438 r  clk_IBUF_inst/O
                         net (fo=1, unplaced)         0.356     0.794    clk_IBUF
                         BUFG (Prop_bufg_I_O)         0.029     0.823 r  clk_IBUF_BUFG_inst/O
                         net (fo=1034, unplaced)      0.259     1.082    u_tx/clk
                         FDRE                                         r  u_tx/data_r_reg[1]/C
                         clock pessimism             -0.209     0.873    <hidden>
                         FDRE (Hold_fdre_C_D)        -0.009     0.864    u_tx/data_r_reg[1]
  -------------------------------------------------------------------
                         required time                         -0.864    <hidden>
                         arrival time                           1.016    <hidden>
  -------------------------------------------------------------------
                         slack                                  0.152    <hidden>

Slack (MET) :             0.152ns  (arrival time - required time)
  Source:                 u_ctrl/tx_byte_reg[2]/C
                            (rising edge-triggered cell FDRE clocked by sys_clk  {rise@0.000ns fall@5.000ns period=10.000ns})
  Destination:            u_tx/data_r_reg[2]/D
                            (rising edge-triggered cell FDRE clocked by sys_clk  {rise@0.000ns fall@5.000ns period=10.000ns})
  Path Group:             sys_clk
  Path Type:              Hold (Min at Fast Process Corner)
  Requirement:            0.000ns  (sys_clk rise@0.000ns - sys_clk rise@0.000ns)
  Data Path Delay:        0.288ns  (logic 0.147ns (51.079%)  route 0.141ns (48.921%))
  Logic Levels:           0  
  Clock Path Skew:        0.145ns (DCD - SCD - CPR)
    Destination Clock Delay (DCD):    1.082ns
    Source Clock Delay      (SCD):    0.728ns
    Clock Pessimism Removal (CPR):    0.209ns

    Location             Delay type                Incr(ns)  Path(ns)    Netlist Resource(s)
  -------------------------------------------------------------------    -------------------
                         (clock sys_clk rise edge)    0.000     0.000 r  <hidden>
    E3                                                0.000     0.000 r  clk
                         net (fo=0)                   0.000     0.000    clk
    E3                   IBUF (Prop_ibuf_I_O)         0.250     0.250 r  clk_IBUF_inst/O
                         net (fo=1, unplaced)         0.338     0.588    clk_IBUF
                         BUFG (Prop_bufg_I_O)         0.026     0.614 r  clk_IBUF_BUFG_inst/O
                         net (fo=1034, unplaced)      0.114     0.728    u_ctrl/clk
                         FDRE                                         r  u_ctrl/tx_byte_reg[2]/C
  -------------------------------------------------------------------    -------------------
                         FDRE (Prop_fdre_C_Q)         0.147     0.875 r  u_ctrl/tx_byte_reg[2]/Q
                         net (fo=1, unplaced)         0.141     1.016    u_tx/tx_data[2]
                         FDRE                                         r  u_tx/data_r_reg[2]/D
  -------------------------------------------------------------------    -------------------

                         (clock sys_clk rise edge)    0.000     0.000 r  <hidden>
    E3                                                0.000     0.000 r  clk
                         net (fo=0)                   0.000     0.000    clk
    E3                   IBUF (Prop_ibuf_I_O)         0.438     0.438 r  clk_IBUF_inst/O
                         net (fo=1, unplaced)         0.356     0.794    clk_IBUF
                         BUFG (Prop_bufg_I_O)         0.029     0.823 r  clk_IBUF_BUFG_inst/O
                         net (fo=1034, unplaced)      0.259     1.082    u_tx/clk
                         FDRE                                         r  u_tx/data_r_reg[2]/C
                         clock pessimism             -0.209     0.873    <hidden>
                         FDRE (Hold_fdre_C_D)        -0.009     0.864    u_tx/data_r_reg[2]
  -------------------------------------------------------------------
                         required time                         -0.864    <hidden>
                         arrival time                           1.016    <hidden>
  -------------------------------------------------------------------
                         slack                                  0.152    <hidden>

Slack (MET) :             0.152ns  (arrival time - required time)
  Source:                 u_ctrl/tx_byte_reg[3]/C
                            (rising edge-triggered cell FDRE clocked by sys_clk  {rise@0.000ns fall@5.000ns period=10.000ns})
  Destination:            u_tx/data_r_reg[3]/D
                            (rising edge-triggered cell FDRE clocked by sys_clk  {rise@0.000ns fall@5.000ns period=10.000ns})
  Path Group:             sys_clk
  Path Type:              Hold (Min at Fast Process Corner)
  Requirement:            0.000ns  (sys_clk rise@0.000ns - sys_clk rise@0.000ns)
  Data Path Delay:        0.288ns  (logic 0.147ns (51.079%)  route 0.141ns (48.921%))
  Logic Levels:           0  
  Clock Path Skew:        0.145ns (DCD - SCD - CPR)
    Destination Clock Delay (DCD):    1.082ns
    Source Clock Delay      (SCD):    0.728ns
    Clock Pessimism Removal (CPR):    0.209ns

    Location             Delay type                Incr(ns)  Path(ns)    Netlist Resource(s)
  -------------------------------------------------------------------    -------------------
                         (clock sys_clk rise edge)    0.000     0.000 r  <hidden>
    E3                                                0.000     0.000 r  clk
                         net (fo=0)                   0.000     0.000    clk
    E3                   IBUF (Prop_ibuf_I_O)         0.250     0.250 r  clk_IBUF_inst/O
                         net (fo=1, unplaced)         0.338     0.588    clk_IBUF
                         BUFG (Prop_bufg_I_O)         0.026     0.614 r  clk_IBUF_BUFG_inst/O
                         net (fo=1034, unplaced)      0.114     0.728    u_ctrl/clk
                         FDRE                                         r  u_ctrl/tx_byte_reg[3]/C
  -------------------------------------------------------------------    -------------------
                         FDRE (Prop_fdre_C_Q)         0.147     0.875 r  u_ctrl/tx_byte_reg[3]/Q
                         net (fo=1, unplaced)         0.141     1.016    u_tx/tx_data[3]
                         FDRE                                         r  u_tx/data_r_reg[3]/D
  -------------------------------------------------------------------    -------------------

                         (clock sys_clk rise edge)    0.000     0.000 r  <hidden>
    E3                                                0.000     0.000 r  clk
                         net (fo=0)                   0.000     0.000    clk
    E3                   IBUF (Prop_ibuf_I_O)         0.438     0.438 r  clk_IBUF_inst/O
                         net (fo=1, unplaced)         0.356     0.794    clk_IBUF
                         BUFG (Prop_bufg_I_O)         0.029     0.823 r  clk_IBUF_BUFG_inst/O
                         net (fo=1034, unplaced)      0.259     1.082    u_tx/clk
                         FDRE                                         r  u_tx/data_r_reg[3]/C
                         clock pessimism             -0.209     0.873    <hidden>
                         FDRE (Hold_fdre_C_D)        -0.009     0.864    u_tx/data_r_reg[3]
  -------------------------------------------------------------------
                         required time                         -0.864    <hidden>
                         arrival time                           1.016    <hidden>
  -------------------------------------------------------------------
                         slack                                  0.152    <hidden>





Pulse Width Checks
--------------------------------------------------------------------------------------
Clock Name:         sys_clk
Waveform(ns):       { 0.000 5.000 }
Period(ns):         10.000
Sources:            { clk }

Check Type        Corner  Lib Pin  Reference Pin  Required(ns)  Actual(ns)  Slack(ns)  Location  Pin
Min Period        n/a     BUFG/I   n/a            2.155         10.000      7.845                clk_IBUF_BUFG_inst/I
Min Period        n/a     FDRE/C   n/a            1.000         10.000      9.000                hb_cnt_reg[0]/C
Min Period        n/a     FDRE/C   n/a            1.000         10.000      9.000                hb_cnt_reg[10]/C
Min Period        n/a     FDRE/C   n/a            1.000         10.000      9.000                hb_cnt_reg[11]/C
Min Period        n/a     FDRE/C   n/a            1.000         10.000      9.000                hb_cnt_reg[12]/C
Min Period        n/a     FDRE/C   n/a            1.000         10.000      9.000                hb_cnt_reg[13]/C
Min Period        n/a     FDRE/C   n/a            1.000         10.000      9.000                hb_cnt_reg[14]/C
Min Period        n/a     FDRE/C   n/a            1.000         10.000      9.000                hb_cnt_reg[15]/C
Min Period        n/a     FDRE/C   n/a            1.000         10.000      9.000                hb_cnt_reg[16]/C
Min Period        n/a     FDRE/C   n/a            1.000         10.000      9.000                hb_cnt_reg[17]/C
Low Pulse Width   Slow    FDRE/C   n/a            0.500         5.000       4.500                hb_cnt_reg[0]/C
Low Pulse Width   Fast    FDRE/C   n/a            0.500         5.000       4.500                hb_cnt_reg[0]/C
Low Pulse Width   Slow    FDRE/C   n/a            0.500         5.000       4.500                hb_cnt_reg[10]/C
Low Pulse Width   Fast    FDRE/C   n/a            0.500         5.000       4.500                hb_cnt_reg[10]/C
Low Pulse Width   Slow    FDRE/C   n/a            0.500         5.000       4.500                hb_cnt_reg[11]/C
Low Pulse Width   Fast    FDRE/C   n/a            0.500         5.000       4.500                hb_cnt_reg[11]/C
Low Pulse Width   Slow    FDRE/C   n/a            0.500         5.000       4.500                hb_cnt_reg[12]/C
Low Pulse Width   Fast    FDRE/C   n/a            0.500         5.000       4.500                hb_cnt_reg[12]/C
Low Pulse Width   Slow    FDRE/C   n/a            0.500         5.000       4.500                hb_cnt_reg[13]/C
Low Pulse Width   Fast    FDRE/C   n/a            0.500         5.000       4.500                hb_cnt_reg[13]/C
High Pulse Width  Slow    FDRE/C   n/a            0.500         5.000       4.500                hb_cnt_reg[0]/C
High Pulse Width  Fast    FDRE/C   n/a            0.500         5.000       4.500                hb_cnt_reg[0]/C
High Pulse Width  Slow    FDRE/C   n/a            0.500         5.000       4.500                hb_cnt_reg[10]/C
High Pulse Width  Fast    FDRE/C   n/a            0.500         5.000       4.500                hb_cnt_reg[10]/C
High Pulse Width  Slow    FDRE/C   n/a            0.500         5.000       4.500                hb_cnt_reg[11]/C
High Pulse Width  Fast    FDRE/C   n/a            0.500         5.000       4.500                hb_cnt_reg[11]/C
High Pulse Width  Slow    FDRE/C   n/a            0.500         5.000       4.500                hb_cnt_reg[12]/C
High Pulse Width  Fast    FDRE/C   n/a            0.500         5.000       4.500                hb_cnt_reg[12]/C
High Pulse Width  Slow    FDRE/C   n/a            0.500         5.000       4.500                hb_cnt_reg[13]/C
High Pulse Width  Fast    FDRE/C   n/a            0.500         5.000       4.500                hb_cnt_reg[13]/C



